Archive member included because of file (symbol)

c:/program files (x86)/atmel/avr studio 5.0/avr toolchain/bin/../lib/gcc/avr/4.5.1/avr51\libgcc.a(_mulsi3.o)
                              nand-gpio.o (__mulsi3)
c:/program files (x86)/atmel/avr studio 5.0/avr toolchain/bin/../lib/gcc/avr/4.5.1/avr51\libgcc.a(_udivmodsi4.o)
                              nand-gpio.o (__udivmodsi4)
c:/program files (x86)/atmel/avr studio 5.0/avr toolchain/bin/../lib/gcc/avr/4.5.1/avr51\libgcc.a(_exit.o)
                              c:/program files (x86)/atmel/avr studio 5.0/avr toolchain/bin/../lib/gcc/avr/4.5.1/../../../../avr/lib/avr51/crtusb1286.o (exit)
c:/program files (x86)/atmel/avr studio 5.0/avr toolchain/bin/../lib/gcc/avr/4.5.1/avr51\libgcc.a(_copy_data.o)
                              NANDORway.o (__do_copy_data)
c:/program files (x86)/atmel/avr studio 5.0/avr toolchain/bin/../lib/gcc/avr/4.5.1/avr51\libgcc.a(_clear_bss.o)
                              NANDORway.o (__do_clear_bss)
c:/program files (x86)/atmel/avr studio 5.0/avr toolchain/bin/../lib/gcc/avr/4.5.1/avr51\libgcc.a(_muldi3.o)
                              nand-gpio.o (__muldi3)
c:/program files (x86)/atmel/avr studio 5.0/avr toolchain/bin/../lib/gcc/avr/4.5.1/avr51\libgcc.a(_lshrdi3.o)
                              NANDORway.o (__lshrdi3)
c:/program files (x86)/atmel/avr studio 5.0/avr toolchain/bin/../lib/gcc/avr/4.5.1/avr51\libgcc.a(_ashldi3.o)
                              nand-gpio.o (__ashldi3)
c:/program files (x86)/atmel/avr studio 5.0/avr toolchain/bin/../lib/gcc/avr/4.5.1/avr51\libgcc.a(_udivdi3.o)
                              nand-gpio.o (__udivdi3)
c:/program files (x86)/atmel/avr studio 5.0/avr toolchain/bin/../lib/gcc/avr/4.5.1/avr51\libgcc.a(_umoddi3.o)
                              nand-gpio.o (__umoddi3)
c:/program files (x86)/atmel/avr studio 5.0/avr toolchain/bin/../lib/gcc/avr/4.5.1/avr51\libgcc.a(_prologue.o)
                              c:/program files (x86)/atmel/avr studio 5.0/avr toolchain/bin/../lib/gcc/avr/4.5.1/avr51\libgcc.a(_muldi3.o) (__prologue_saves__)
c:/program files (x86)/atmel/avr studio 5.0/avr toolchain/bin/../lib/gcc/avr/4.5.1/avr51\libgcc.a(_epilogue.o)
                              c:/program files (x86)/atmel/avr studio 5.0/avr toolchain/bin/../lib/gcc/avr/4.5.1/avr51\libgcc.a(_muldi3.o) (__epilogue_restores__)
c:/program files (x86)/atmel/avr studio 5.0/avr toolchain/bin/../lib/gcc/avr/4.5.1/avr51\libgcc.a(_clz.o)
                              c:/program files (x86)/atmel/avr studio 5.0/avr toolchain/bin/../lib/gcc/avr/4.5.1/avr51\libgcc.a(_udivdi3.o) (__clz_tab)
c:/program files (x86)/atmel/avr studio 5.0/avr toolchain/bin/../lib/gcc/avr/4.5.1/../../../../avr/lib/avr51\libc.a(memcpy_P.o)
                              LUFA/Drivers/USB/Class/Device/RNDISClassDevice.o (memcpy_P)
c:/program files (x86)/atmel/avr studio 5.0/avr toolchain/bin/../lib/gcc/avr/4.5.1/../../../../avr/lib/avr51\libc.a(memcmp.o)
                              LUFA/Drivers/USB/Class/Device/HIDClassDevice.o (memcmp)
c:/program files (x86)/atmel/avr studio 5.0/avr toolchain/bin/../lib/gcc/avr/4.5.1/../../../../avr/lib/avr51\libc.a(memcpy.o)
                              LUFA/Drivers/USB/Class/Device/HIDClassDevice.o (memcpy)
c:/program files (x86)/atmel/avr studio 5.0/avr toolchain/bin/../lib/gcc/avr/4.5.1/../../../../avr/lib/avr51\libc.a(memset.o)
                              LUFA/Drivers/USB/Class/Device/HIDClassDevice.o (memset)
c:/program files (x86)/atmel/avr studio 5.0/avr toolchain/bin/../lib/gcc/avr/4.5.1/../../../../avr/lib/avr51\libc.a(eerd_byte_at90usb1286.o)
                              LUFA/Drivers/USB/Core/AVR8/EndpointStream_AVR8.o (__eerd_byte_usb1286)
c:/program files (x86)/atmel/avr studio 5.0/avr toolchain/bin/../lib/gcc/avr/4.5.1/../../../../avr/lib/avr51\libc.a(eeupd_byte_at90usb1286.o)
                              LUFA/Drivers/USB/Core/AVR8/EndpointStream_AVR8.o (__eeupd_byte_usb1286)

Allocating common symbols
Common symbol       size              file

_rx_buffer_ix       0x1               NANDORway.o
USB_IsInitialized   0x1               LUFA/Drivers/USB/Core/USBTask.o
cmd_t               0x1               NANDORway.o
_tx_buffer_ix       0x1               NANDORway.o
USB_DeviceState     0x1               LUFA/Drivers/USB/Core/USBTask.o
_tx_buffer          0x40              NANDORway.o
USB_Device_ConfigurationNumber
                    0x1               LUFA/Drivers/USB/Core/DeviceStandardReq.o
_rx_buffer          0x40              NANDORway.o
nand_return_values_t
                    0x1               NANDORway.o
USB_Device_CurrentlySelfPowered
                    0x1               LUFA/Drivers/USB/Core/DeviceStandardReq.o
_rx_buffer_size     0x2               NANDORway.o
USB_ControlRequest  0x8               LUFA/Drivers/USB/Core/USBTask.o
USB_Device_RemoteWakeupEnabled
                    0x1               LUFA/Drivers/USB/Core/DeviceStandardReq.o
nand_cmd_t          0x1               NANDORway.o

[...]
Memory Configuration

Name             Origin             Length             Attributes
text             0x00000000         0x00020000         xr
data             0x00800100         0x0000ff00         rw !x
eeprom           0x00810000         0x00010000         rw !x
fuse             0x00820000         0x00000400         rw !x
lock             0x00830000         0x00000400         rw !x
signature        0x00840000         0x00000400         rw !x
*default*        0x00000000         0xffffffff

Linker script and memory map

Address of section .data set to 0x800100
LOAD c:/program files (x86)/atmel/avr studio 5.0/avr toolchain/bin/../lib/gcc/avr/4.5.1/../../../../avr/lib/avr51/crtusb1286.o
LOAD c:/program files (x86)/atmel/avr studio 5.0/avr toolchain/bin/../lib/gcc/avr/4.5.1/../../../../avr/lib/avr51\libm.a
LOAD NANDORway.o
LOAD Descriptors.o
LOAD ecc-sw.o
LOAD nand.o
LOAD nand-gpio.o
LOAD nor.o
LOAD LUFA/Drivers/USB/Core/AVR8/Device_AVR8.o
LOAD LUFA/Drivers/USB/Core/AVR8/Endpoint_AVR8.o
LOAD LUFA/Drivers/USB/Core/AVR8/Host_AVR8.o
LOAD LUFA/Drivers/USB/Core/AVR8/Pipe_AVR8.o
LOAD LUFA/Drivers/USB/Core/AVR8/USBController_AVR8.o
LOAD LUFA/Drivers/USB/Core/AVR8/USBInterrupt_AVR8.o
LOAD LUFA/Drivers/USB/Core/AVR8/EndpointStream_AVR8.o
LOAD LUFA/Drivers/USB/Core/AVR8/PipeStream_AVR8.o
LOAD LUFA/Drivers/USB/Core/ConfigDescriptors.o
LOAD LUFA/Drivers/USB/Core/DeviceStandardReq.o
LOAD LUFA/Drivers/USB/Core/Events.o
LOAD LUFA/Drivers/USB/Core/HostStandardReq.o
LOAD LUFA/Drivers/USB/Core/USBTask.o
LOAD LUFA/Drivers/USB/Class/Common/HIDParser.o
LOAD LUFA/Drivers/USB/Class/Device/AudioClassDevice.o
LOAD LUFA/Drivers/USB/Class/Device/CDCClassDevice.o
LOAD LUFA/Drivers/USB/Class/Device/HIDClassDevice.o
LOAD LUFA/Drivers/USB/Class/Device/MassStorageClassDevice.o
LOAD LUFA/Drivers/USB/Class/Device/MIDIClassDevice.o
LOAD LUFA/Drivers/USB/Class/Device/RNDISClassDevice.o
LOAD LUFA/Drivers/USB/Class/Host/AndroidAccessoryClassHost.o
LOAD LUFA/Drivers/USB/Class/Host/AudioClassHost.o
LOAD LUFA/Drivers/USB/Class/Host/CDCClassHost.o
LOAD LUFA/Drivers/USB/Class/Host/HIDClassHost.o
LOAD LUFA/Drivers/USB/Class/Host/MassStorageClassHost.o
LOAD LUFA/Drivers/USB/Class/Host/MIDIClassHost.o
LOAD LUFA/Drivers/USB/Class/Host/PrinterClassHost.o
LOAD LUFA/Drivers/USB/Class/Host/RNDISClassHost.o
LOAD LUFA/Drivers/USB/Class/Host/StillImageClassHost.o
LOAD c:/program files (x86)/atmel/avr studio 5.0/avr toolchain/bin/../lib/gcc/avr/4.5.1/avr51\libgcc.a
LOAD c:/program files (x86)/atmel/avr studio 5.0/avr toolchain/bin/../lib/gcc/avr/4.5.1/../../../../avr/lib/avr51\libc.a
LOAD c:/program files (x86)/atmel/avr studio 5.0/avr toolchain/bin/../lib/gcc/avr/4.5.1/avr51\libgcc.a

.hash
 *(.hash)

.dynsym
 *(.dynsym)

.dynstr
 *(.dynstr)

.gnu.version
 *(.gnu.version)

.gnu.version_d
 *(.gnu.version_d)

.gnu.version_r
 *(.gnu.version_r)

.rel.init
 *(.rel.init)

.rela.init
 *(.rela.init)

.rel.text
 *(.rel.text)
 *(.rel.text.*)
 *(.rel.gnu.linkonce.t*)

.rela.text
 *(.rela.text)
 *(.rela.text.*)
 *(.rela.gnu.linkonce.t*)

.rel.fini
 *(.rel.fini)

.rela.fini
 *(.rela.fini)

.rel.rodata
 *(.rel.rodata)
 *(.rel.rodata.*)
 *(.rel.gnu.linkonce.r*)

.rela.rodata
 *(.rela.rodata)
 *(.rela.rodata.*)
 *(.rela.gnu.linkonce.r*)

.rel.data
 *(.rel.data)
 *(.rel.data.*)
 *(.rel.gnu.linkonce.d*)

.rela.data
 *(.rela.data)
 *(.rela.data.*)
 *(.rela.gnu.linkonce.d*)

.rel.ctors
 *(.rel.ctors)

.rela.ctors
 *(.rela.ctors)

.rel.dtors
 *(.rel.dtors)

.rela.dtors
 *(.rela.dtors)

.rel.got
 *(.rel.got)

.rela.got
 *(.rela.got)

.rel.bss
 *(.rel.bss)

.rela.bss
 *(.rela.bss)

.rel.plt
 *(.rel.plt)

.rela.plt
 *(.rela.plt)

.text           0x00000000     0x7648
 *(.vectors)
 .vectors       0x00000000       0x98 c:/program files (x86)/atmel/avr studio 5.0/avr toolchain/bin/../lib/gcc/avr/4.5.1/../../../../avr/lib/avr51/crtusb1286.o
                0x00000000                __vector_default
                0x00000000                __vectors
 *(.vectors)
 *(.progmem.gcc*)
 .progmem.gcc_sw_table
                0x00000098       0x3c NANDORway.o
 *(.progmem*)
 .progmem.data  0x000000d4       0x92 Descriptors.o
                0x000000d4                DeviceDescriptor
                0x000000e6                ConfigurationDescriptor
                0x00000106                LanguageString
                0x0000010a                ManufacturerString
                0x0000011a                ProductString
                0x0000015c                SerialNumberString
                0x00000166                . = ALIGN (0x2)
                0x00000166                __trampolines_start = .
 *(.trampolines)
 .trampolines   0x00000166        0x0 linker stubs
 *(.trampolines*)
                0x00000166                __trampolines_end = .
 *(.jumptables)
 *(.jumptables*)
 *(.lowtext)
 *(.lowtext*)
                0x00000166                __ctors_start = .
 *(.ctors)
                0x00000166                __ctors_end = .
                0x00000166                __dtors_start = .
 *(.dtors)
                0x00000166                __dtors_end = .
 SORT(*)(.ctors)
 SORT(*)(.dtors)
 *(.init0)
 .init0         0x00000166        0x0 c:/program files (x86)/atmel/avr studio 5.0/avr toolchain/bin/../lib/gcc/avr/4.5.1/../../../../avr/lib/avr51/crtusb1286.o
                0x00000166                __init
 *(.init0)
 *(.init1)
 *(.init1)
 *(.init2)
 .init2         0x00000166        0xc c:/program files (x86)/atmel/avr studio 5.0/avr toolchain/bin/../lib/gcc/avr/4.5.1/../../../../avr/lib/avr51/crtusb1286.o
 *(.init2)
 *(.init3)
 *(.init3)
 *(.init4)
 .init4         0x00000172       0x1a c:/program files (x86)/atmel/avr studio 5.0/avr toolchain/bin/../lib/gcc/avr/4.5.1/avr51\libgcc.a(_copy_data.o)
                0x00000172                __do_copy_data
 .init4         0x0000018c       0x10 c:/program files (x86)/atmel/avr studio 5.0/avr toolchain/bin/../lib/gcc/avr/4.5.1/avr51\libgcc.a(_clear_bss.o)
                0x0000018c                __do_clear_bss
 *(.init4)
 *(.init5)
 *(.init5)
 *(.init6)
 *(.init6)
 *(.init7)
 *(.init7)
 *(.init8)
 *(.init8)
 *(.init9)
 .init9         0x0000019c        0x8 c:/program files (x86)/atmel/avr studio 5.0/avr toolchain/bin/../lib/gcc/avr/4.5.1/../../../../avr/lib/avr51/crtusb1286.o
 *(.init9)
 *(.text)
 .text          0x000001a4        0x2 c:/program files (x86)/atmel/avr studio 5.0/avr toolchain/bin/../lib/gcc/avr/4.5.1/../../../../avr/lib/avr51/crtusb1286.o
                0x000001a4                __vector_22
                0x000001a4                __vector_28
                0x000001a4                __vector_1
                0x000001a4                __vector_32
                0x000001a4                __vector_34
                0x000001a4                __vector_24
                0x000001a4                __vector_12
                0x000001a4                __bad_interrupt
                0x000001a4                __vector_6
                0x000001a4                __vector_31
                0x000001a4                __vector_35
                0x000001a4                __vector_3
                0x000001a4                __vector_23
                0x000001a4                __vector_30
                0x000001a4                __vector_25
                0x000001a4                __vector_11
                0x000001a4                __vector_13
                0x000001a4                __vector_17
                0x000001a4                __vector_19
                0x000001a4                __vector_7
                0x000001a4                __vector_27
                0x000001a4                __vector_5
                0x000001a4                __vector_33
                0x000001a4                __vector_37
                0x000001a4                __vector_4
                0x000001a4                __vector_9
                0x000001a4                __vector_2
                0x000001a4                __vector_21
                0x000001a4                __vector_15
                0x000001a4                __vector_36
                0x000001a4                __vector_29
                0x000001a4                __vector_8
                0x000001a4                __vector_26
                0x000001a4                __vector_14
                0x000001a4                __vector_16
                0x000001a4                __vector_18
                0x000001a4                __vector_20
 .text          0x000001a6      0x194 c:/program files (x86)/atmel/avr studio 5.0/avr toolchain/bin/../lib/gcc/avr/4.5.1/avr51\libgcc.a(_muldi3.o)
                0x000001a6                __muldi3
 .text          0x0000033a       0xe2 c:/program files (x86)/atmel/avr studio 5.0/avr toolchain/bin/../lib/gcc/avr/4.5.1/avr51\libgcc.a(_lshrdi3.o)
                0x0000033a                __lshrdi3
 .text          0x0000041c       0xe2 c:/program files (x86)/atmel/avr studio 5.0/avr toolchain/bin/../lib/gcc/avr/4.5.1/avr51\libgcc.a(_ashldi3.o)
                0x0000041c                __ashldi3
 .text          0x000004fe      0xcac c:/program files (x86)/atmel/avr studio 5.0/avr toolchain/bin/../lib/gcc/avr/4.5.1/avr51\libgcc.a(_udivdi3.o)
                0x000004fe                __udivdi3
                0x000011aa                . = ALIGN (0x2)
 *(.text.*)
 .text.bootloader
                0x000011aa       0x70 NANDORway.o
                0x000011aa                bootloader
 .text.speedtest_receive
                0x0000121a      0x276 NANDORway.o
                0x0000121a                speedtest_receive
 .text.speedtest_send
                0x00001490       0x46 NANDORway.o
                0x00001490                speedtest_send
 .text.init_nand
                0x000014d6       0x20 NANDORway.o
                0x000014d6                init_nand
 .text.nand_initports
                0x000014f6       0xd0 NANDORway.o
                0x000014f6                nand_initports
 .text.SetupHardware
                0x000015c6       0x36 NANDORway.o
                0x000015c6                SetupHardware
 .text.main     0x000015fc     0x2c02 NANDORway.o
                0x000015fc                main
 .text.EVENT_USB_Device_ConfigurationChanged
                0x000041fe       0x14 NANDORway.o
                0x000041fe                EVENT_USB_Device_ConfigurationChanged
 .text.CALLBACK_USB_GetDescriptor
                0x00004212       0x80 Descriptors.o
                0x00004212                CALLBACK_USB_GetDescriptor
 .text.nand_init
                0x00004292        0x4 nand.o
                0x00004292                nand_init
 .text.nand_read_block_raw
                0x00004296        0xc nand.o
                0x00004296                nand_read_block_raw
 .text._nand_gpio_write_cmd
                0x000042a2       0x74 nand-gpio.o
 .text.nand_gpio_write_addr
                0x00004316       0x50 nand-gpio.o
 .text.nand_gpio_wait_ready.clone.1
                0x00004366      0x17a nand-gpio.o
 .text.nand_gpio_write_cmd
                0x000044e0      0x2fe nand-gpio.o
 .text.nand_gpio_init
                0x000047de      0x82a nand-gpio.o
                0x000047de                nand_gpio_init
 .text.nand_gpio_read_block
                0x00005008      0x29c nand-gpio.o
                0x00005008                nand_gpio_read_block
 .text.nor_read.clone.0
                0x000052a4      0x272 nor.o
 .text.nor_initports
                0x00005516       0x40 nor.o
                0x00005516                nor_initports
 .text.nor_releaseports
                0x00005556       0x30 nor.o
                0x00005556                nor_releaseports
 .text.nor_address_set
                0x00005586       0x14 nor.o
                0x00005586                nor_address_set
 .text.nor_address_increment_set
                0x0000559a        0x6 nor.o
                0x0000559a                nor_address_increment_set
 .text.nor_2nd_die_offset
                0x000055a0        0x6 nor.o
                0x000055a0                nor_2nd_die_offset
 .text.nor_address_increment
                0x000055a6       0x3c nor.o
                0x000055a6                nor_address_increment
 .text.nor_reset
                0x000055e2       0x12 nor.o
                0x000055e2                nor_reset
 .text.nor_id   0x000055f4       0x6e nor.o
                0x000055f4                nor_id
 .text.nor_erase_sector
                0x00005662       0x88 nor.o
                0x00005662                nor_erase_sector
 .text.nor_erase_chip
                0x000056ea       0x7c nor.o
                0x000056ea                nor_erase_chip
 .text.nor_read
                0x00005766      0x34a nor.o
                0x00005766                nor_read
 .text.nor_write_word
                0x00005ab0      0x9d8 nor.o
                0x00005ab0                nor_write_word
 .text.nor_write_block
                0x00006488      0x856 nor.o
                0x00006488                nor_write_block
 .text.Endpoint_ConfigureEndpoint_Prv
                0x00006cde       0x8e LUFA/Drivers/USB/Core/AVR8/Endpoint_AVR8.o
                0x00006cde                Endpoint_ConfigureEndpoint_Prv
 .text.Endpoint_ClearStatusStage
                0x00006d6c       0x44 LUFA/Drivers/USB/Core/AVR8/Endpoint_AVR8.o
                0x00006d6c                Endpoint_ClearStatusStage
 .text.USB_ResetInterface
                0x00006db0       0x8a LUFA/Drivers/USB/Core/AVR8/USBController_AVR8.o
                0x00006db0                USB_ResetInterface
 .text.USB_Init
                0x00006e3a       0x12 LUFA/Drivers/USB/Core/AVR8/USBController_AVR8.o
                0x00006e3a                USB_Init
 .text.USB_INT_DisableAllInterrupts
                0x00006e4c       0x10 LUFA/Drivers/USB/Core/AVR8/USBInterrupt_AVR8.o
                0x00006e4c                USB_INT_DisableAllInterrupts
 .text.USB_INT_ClearAllInterrupts
                0x00006e5c        0xa LUFA/Drivers/USB/Core/AVR8/USBInterrupt_AVR8.o
                0x00006e5c                USB_INT_ClearAllInterrupts
 .text.__vector_10
                0x00006e66      0x1a2 LUFA/Drivers/USB/Core/AVR8/USBInterrupt_AVR8.o
                0x00006e66                __vector_10
 .text.Endpoint_Write_Control_Stream_LE
                0x00007008       0xfc LUFA/Drivers/USB/Core/AVR8/EndpointStream_AVR8.o
                0x00007008                Endpoint_Write_Control_Stream_LE
 .text.Endpoint_Write_Control_PStream_LE
                0x00007104       0xee LUFA/Drivers/USB/Core/AVR8/EndpointStream_AVR8.o
                0x00007104                Endpoint_Write_Control_PStream_LE
 .text.USB_Device_ProcessControlRequest
                0x000071f2      0x31a LUFA/Drivers/USB/Core/DeviceStandardReq.o
                0x000071f2                USB_Device_ProcessControlRequest
 .text.USB_Event_Stub
                0x0000750c        0x2 LUFA/Drivers/USB/Core/Events.o
                0x0000750c                EVENT_USB_Device_WakeUp
                0x0000750c                USB_Event_Stub
                0x0000750c                EVENT_USB_Device_Suspend
                0x0000750c                EVENT_USB_Device_StartOfFrame
                0x0000750c                EVENT_USB_Device_Disconnect
                0x0000750c                EVENT_USB_Device_Reset
                0x0000750c                EVENT_USB_Device_ControlRequest
                0x0000750c                EVENT_USB_Device_Connect
 .text.USB_USBTask
                0x0000750e       0x46 LUFA/Drivers/USB/Core/USBTask.o
                0x0000750e                USB_USBTask
 .text.libgcc   0x00007554       0x3e c:/program files (x86)/atmel/avr studio 5.0/avr toolchain/bin/../lib/gcc/avr/4.5.1/avr51\libgcc.a(_mulsi3.o)
                0x00007554                __mulsi3
 .text.libgcc   0x00007592       0x44 c:/program files (x86)/atmel/avr studio 5.0/avr toolchain/bin/../lib/gcc/avr/4.5.1/avr51\libgcc.a(_udivmodsi4.o)
                0x00007592                __udivmodsi4
 .text.libgcc   0x000075d6       0x38 c:/program files (x86)/atmel/avr studio 5.0/avr toolchain/bin/../lib/gcc/avr/4.5.1/avr51\libgcc.a(_prologue.o)
                0x000075d6                __prologue_saves__
 .text.libgcc   0x0000760e       0x36 c:/program files (x86)/atmel/avr studio 5.0/avr toolchain/bin/../lib/gcc/avr/4.5.1/avr51\libgcc.a(_epilogue.o)
                0x0000760e                __epilogue_restores__
                0x00007644                . = ALIGN (0x2)
 *(.fini9)
 .fini9         0x00007644        0x0 c:/program files (x86)/atmel/avr studio 5.0/avr toolchain/bin/../lib/gcc/avr/4.5.1/avr51\libgcc.a(_exit.o)
                0x00007644                _exit
                0x00007644                exit
 *(.fini9)
 *(.fini8)
 *(.fini8)
 *(.fini7)
 *(.fini7)
 *(.fini6)
 *(.fini6)
 *(.fini5)
 *(.fini5)
 *(.fini4)
 *(.fini4)
 *(.fini3)
 *(.fini3)
 *(.fini2)
 *(.fini2)
 *(.fini1)
 *(.fini1)
 *(.fini0)
 .fini0         0x00007644        0x4 c:/program files (x86)/atmel/avr studio 5.0/avr toolchain/bin/../lib/gcc/avr/4.5.1/avr51\libgcc.a(_exit.o)
 *(.fini0)
                0x00007648                _etext = .

.data           0x00800100      0x1e2 load address 0x00007648
                0x00800100                PROVIDE (__data_start, .)
 *(.data)
 .data          0x00800100       0xae NANDORway.o
                0x00800100                nand0
                0x00800157                nand1
 .data          0x008001ae       0x34 nand-gpio.o
 .data          0x008001e2      0x100 c:/program files (x86)/atmel/avr studio 5.0/avr toolchain/bin/../lib/gcc/avr/4.5.1/avr51\libgcc.a(_clz.o)
                0x008001e2                __clz_tab
 *(.data*)
 *(.rodata)
 *(.rodata*)
 *(.gnu.linkonce.d*)
                0x008002e2                . = ALIGN (0x2)
                0x008002e2                _edata = .
                0x008002e2                PROVIDE (__data_end, .)

.bss            0x008002e2       0x9a
                0x008002e2                PROVIDE (__bss_start, .)
 *(.bss)
 .bss           0x008002e2        0x1 nand-gpio.o
 .bss           0x008002e3        0x5 nor.o
 *(.bss*)
 *(COMMON)
 COMMON         0x008002e8       0x87 NANDORway.o
                0x008002e8                _rx_buffer_ix
                0x008002e9                cmd_t
                0x008002ea                _tx_buffer_ix
                0x008002eb                _tx_buffer
                0x0080032b                _rx_buffer
                0x0080036b                nand_return_values_t
                0x0080036c                _rx_buffer_size
                0x0080036e                nand_cmd_t
 COMMON         0x0080036f        0x3 LUFA/Drivers/USB/Core/DeviceStandardReq.o
                0x0080036f                USB_Device_ConfigurationNumber
                0x00800370                USB_Device_CurrentlySelfPowered
                0x00800371                USB_Device_RemoteWakeupEnabled
 COMMON         0x00800372        0xa LUFA/Drivers/USB/Core/USBTask.o
                0x00800372                USB_IsInitialized
                0x00800373                USB_DeviceState
                0x00800374                USB_ControlRequest
                0x0080037c                PROVIDE (__bss_end, .)
                0x00007648                __data_load_start = LOADADDR (.data)
                0x0000782a                __data_load_end = (__data_load_start + SIZEOF (.data))

.noinit         0x0080037c        0x0
                0x0080037c                PROVIDE (__noinit_start, .)
 *(.noinit*)
                0x0080037c                PROVIDE (__noinit_end, .)
                0x0080037c                _end = .
                0x0080037c                PROVIDE (__heap_start, .)

.eeprom         0x00810000        0x0
 *(.eeprom*)
                0x00810000                __eeprom_end = .

.fuse
 *(.fuse)
 *(.lfuse)
 *(.hfuse)
 *(.efuse)

.lock
 *(.lock*)

.signature
 *(.signature*)

.stab           0x00000000      0xa98
 *(.stab)
 .stab          0x00000000      0x6cc c:/program files (x86)/atmel/avr studio 5.0/avr toolchain/bin/../lib/gcc/avr/4.5.1/../../../../avr/lib/avr51/crtusb1286.o
 .stab          0x000006cc       0x84 c:/program files (x86)/atmel/avr studio 5.0/avr toolchain/bin/../lib/gcc/avr/4.5.1/../../../../avr/lib/avr51\libc.a(memcpy_P.o)
                                 0x90 (size before relaxing)
 .stab          0x00000750       0xb4 c:/program files (x86)/atmel/avr studio 5.0/avr toolchain/bin/../lib/gcc/avr/4.5.1/../../../../avr/lib/avr51\libc.a(memcmp.o)
                                 0xc0 (size before relaxing)
 .stab          0x00000804       0x84 c:/program files (x86)/atmel/avr studio 5.0/avr toolchain/bin/../lib/gcc/avr/4.5.1/../../../../avr/lib/avr51\libc.a(memcpy.o)
                                 0x90 (size before relaxing)
 .stab          0x00000888       0x6c c:/program files (x86)/atmel/avr studio 5.0/avr toolchain/bin/../lib/gcc/avr/4.5.1/../../../../avr/lib/avr51\libc.a(memset.o)
                                 0x78 (size before relaxing)
 .stab          0x000008f4       0x90 c:/program files (x86)/atmel/avr studio 5.0/avr toolchain/bin/../lib/gcc/avr/4.5.1/../../../../avr/lib/avr51\libc.a(eerd_byte_at90usb1286.o)
                                 0x9c (size before relaxing)
 .stab          0x00000984      0x114 c:/program files (x86)/atmel/avr studio 5.0/avr toolchain/bin/../lib/gcc/avr/4.5.1/../../../../avr/lib/avr51\libc.a(eeupd_byte_at90usb1286.o)
                                0x120 (size before relaxing)

.stabstr        0x00000000      0x2d8
 *(.stabstr)
 .stabstr       0x00000000      0x2d8 c:/program files (x86)/atmel/avr studio 5.0/avr toolchain/bin/../lib/gcc/avr/4.5.1/../../../../avr/lib/avr51/crtusb1286.o

.stab.excl
 *(.stab.excl)

.stab.exclstr
 *(.stab.exclstr)

.stab.index
 *(.stab.index)

.stab.indexstr
 *(.stab.indexstr)

.comment
 *(.comment)

.debug
 *(.debug)

.line
 *(.line)

.debug_srcinfo
 *(.debug_srcinfo)

.debug_sfnames
 *(.debug_sfnames)

.debug_aranges  0x00000000      0x6d0
 *(.debug_aranges)
 .debug_aranges
                0x00000000       0x58 NANDORway.o
 .debug_aranges
                0x00000058       0x20 Descriptors.o
 .debug_aranges
                0x00000078       0x28 ecc-sw.o
 .debug_aranges
                0x000000a0       0x58 nand.o
 .debug_aranges
                0x000000f8       0xa8 nand-gpio.o
 .debug_aranges
                0x000001a0       0x88 nor.o
 .debug_aranges
                0x00000228       0x20 LUFA/Drivers/USB/Core/AVR8/Device_AVR8.o
 .debug_aranges
                0x00000248       0x40 LUFA/Drivers/USB/Core/AVR8/Endpoint_AVR8.o
 .debug_aranges
                0x00000288       0x30 LUFA/Drivers/USB/Core/AVR8/USBController_AVR8.o
 .debug_aranges
                0x000002b8       0x30 LUFA/Drivers/USB/Core/AVR8/USBInterrupt_AVR8.o
 .debug_aranges
                0x000002e8       0xc8 LUFA/Drivers/USB/Core/AVR8/EndpointStream_AVR8.o
 .debug_aranges
                0x000003b0       0x38 LUFA/Drivers/USB/Core/ConfigDescriptors.o
 .debug_aranges
                0x000003e8       0x20 LUFA/Drivers/USB/Core/DeviceStandardReq.o
 .debug_aranges
                0x00000408       0x20 LUFA/Drivers/USB/Core/Events.o
 .debug_aranges
                0x00000428       0x20 LUFA/Drivers/USB/Core/USBTask.o
 .debug_aranges
                0x00000448       0x38 LUFA/Drivers/USB/Class/Common/HIDParser.o
 .debug_aranges
                0x00000480       0x30 LUFA/Drivers/USB/Class/Device/AudioClassDevice.o
 .debug_aranges
                0x000004b0       0x98 LUFA/Drivers/USB/Class/Device/CDCClassDevice.o
 .debug_aranges
                0x00000548       0x30 LUFA/Drivers/USB/Class/Device/HIDClassDevice.o
 .debug_aranges
                0x00000578       0x30 LUFA/Drivers/USB/Class/Device/MassStorageClassDevice.o
 .debug_aranges
                0x000005a8       0x40 LUFA/Drivers/USB/Class/Device/MIDIClassDevice.o
 .debug_aranges
                0x000005e8       0x48 LUFA/Drivers/USB/Class/Device/RNDISClassDevice.o
 .debug_aranges
                0x00000630       0x20 c:/program files (x86)/atmel/avr studio 5.0/avr toolchain/bin/../lib/gcc/avr/4.5.1/avr51\libgcc.a(_muldi3.o)
 .debug_aranges
                0x00000650       0x20 c:/program files (x86)/atmel/avr studio 5.0/avr toolchain/bin/../lib/gcc/avr/4.5.1/avr51\libgcc.a(_lshrdi3.o)
 .debug_aranges
                0x00000670       0x20 c:/program files (x86)/atmel/avr studio 5.0/avr toolchain/bin/../lib/gcc/avr/4.5.1/avr51\libgcc.a(_ashldi3.o)
 .debug_aranges
                0x00000690       0x20 c:/program files (x86)/atmel/avr studio 5.0/avr toolchain/bin/../lib/gcc/avr/4.5.1/avr51\libgcc.a(_udivdi3.o)
 .debug_aranges
                0x000006b0       0x20 c:/program files (x86)/atmel/avr studio 5.0/avr toolchain/bin/../lib/gcc/avr/4.5.1/avr51\libgcc.a(_umoddi3.o)

.debug_pubnames
                0x00000000     0x11b1
 *(.debug_pubnames)
 .debug_pubnames
                0x00000000      0x14c NANDORway.o
 .debug_pubnames
                0x0000014c       0xb5 Descriptors.o
 .debug_pubnames
                0x00000201       0x6d ecc-sw.o
 .debug_pubnames
                0x0000026e       0xd1 nand.o
 .debug_pubnames
                0x0000033f      0x14b nand-gpio.o
 .debug_pubnames
                0x0000048a      0x167 nor.o
 .debug_pubnames
                0x000005f1       0x32 LUFA/Drivers/USB/Core/AVR8/Device_AVR8.o
 .debug_pubnames
                0x00000623       0xaf LUFA/Drivers/USB/Core/AVR8/Endpoint_AVR8.o
 .debug_pubnames
                0x000006d2       0x46 LUFA/Drivers/USB/Core/AVR8/USBController_AVR8.o
 .debug_pubnames
                0x00000718       0x62 LUFA/Drivers/USB/Core/AVR8/USBInterrupt_AVR8.o
 .debug_pubnames
                0x0000077a      0x2df LUFA/Drivers/USB/Core/AVR8/EndpointStream_AVR8.o
 .debug_pubnames
                0x00000a59       0x9b LUFA/Drivers/USB/Core/ConfigDescriptors.o
 .debug_pubnames
                0x00000af4       0xa1 LUFA/Drivers/USB/Core/DeviceStandardReq.o
 .debug_pubnames
                0x00000b95       0x25 LUFA/Drivers/USB/Core/Events.o
 .debug_pubnames
                0x00000bba       0x63 LUFA/Drivers/USB/Core/USBTask.o
 .debug_pubnames
                0x00000c1d       0x7e LUFA/Drivers/USB/Class/Common/HIDParser.o
 .debug_pubnames
                0x00000c9b       0x79 LUFA/Drivers/USB/Class/Device/AudioClassDevice.o
 .debug_pubnames
                0x00000d14      0x18b LUFA/Drivers/USB/Class/Device/CDCClassDevice.o
 .debug_pubnames
                0x00000e9f       0x70 LUFA/Drivers/USB/Class/Device/HIDClassDevice.o
 .debug_pubnames
                0x00000f0f       0x6d LUFA/Drivers/USB/Class/Device/MassStorageClassDevice.o
 .debug_pubnames
                0x00000f7c       0xa6 LUFA/Drivers/USB/Class/Device/MIDIClassDevice.o
 .debug_pubnames
                0x00001022       0xd0 LUFA/Drivers/USB/Class/Device/RNDISClassDevice.o
 .debug_pubnames
                0x000010f2       0x1f c:/program files (x86)/atmel/avr studio 5.0/avr toolchain/bin/../lib/gcc/avr/4.5.1/avr51\libgcc.a(_muldi3.o)
 .debug_pubnames
                0x00001111       0x20 c:/program files (x86)/atmel/avr studio 5.0/avr toolchain/bin/../lib/gcc/avr/4.5.1/avr51\libgcc.a(_lshrdi3.o)
 .debug_pubnames
                0x00001131       0x20 c:/program files (x86)/atmel/avr studio 5.0/avr toolchain/bin/../lib/gcc/avr/4.5.1/avr51\libgcc.a(_ashldi3.o)
 .debug_pubnames
                0x00001151       0x20 c:/program files (x86)/atmel/avr studio 5.0/avr toolchain/bin/../lib/gcc/avr/4.5.1/avr51\libgcc.a(_udivdi3.o)
 .debug_pubnames
                0x00001171       0x20 c:/program files (x86)/atmel/avr studio 5.0/avr toolchain/bin/../lib/gcc/avr/4.5.1/avr51\libgcc.a(_umoddi3.o)
 .debug_pubnames
                0x00001191       0x20 c:/program files (x86)/atmel/avr studio 5.0/avr toolchain/bin/../lib/gcc/avr/4.5.1/avr51\libgcc.a(_clz.o)

.debug_info     0x00000000    0x16619
 *(.debug_info)
 .debug_info    0x00000000     0x5e79 NANDORway.o
 .debug_info    0x00005e79      0x66b Descriptors.o
 .debug_info    0x000064e4      0x2d7 ecc-sw.o
 .debug_info    0x000067bb      0x63b nand.o
 .debug_info    0x00006df6     0x2460 nand-gpio.o
 .debug_info    0x00009256     0x4ab7 nor.o
 .debug_info    0x0000dd0d       0xdc LUFA/Drivers/USB/Core/AVR8/Device_AVR8.o
 .debug_info    0x0000dde9      0x624 LUFA/Drivers/USB/Core/AVR8/Endpoint_AVR8.o
 .debug_info    0x0000e40d       0x70 LUFA/Drivers/USB/Core/AVR8/Host_AVR8.o
 .debug_info    0x0000e47d       0x70 LUFA/Drivers/USB/Core/AVR8/Pipe_AVR8.o
 .debug_info    0x0000e4ed      0x48b LUFA/Drivers/USB/Core/AVR8/USBController_AVR8.o
 .debug_info    0x0000e978      0x5f0 LUFA/Drivers/USB/Core/AVR8/USBInterrupt_AVR8.o
 .debug_info    0x0000ef68     0x1529 LUFA/Drivers/USB/Core/AVR8/EndpointStream_AVR8.o
 .debug_info    0x00010491       0x70 LUFA/Drivers/USB/Core/AVR8/PipeStream_AVR8.o
 .debug_info    0x00010501      0x37c LUFA/Drivers/USB/Core/ConfigDescriptors.o
 .debug_info    0x0001087d      0x9d8 LUFA/Drivers/USB/Core/DeviceStandardReq.o
 .debug_info    0x00011255       0x89 LUFA/Drivers/USB/Core/Events.o
 .debug_info    0x000112de       0x29 LUFA/Drivers/USB/Core/HostStandardReq.o
 .debug_info    0x00011307      0x26b LUFA/Drivers/USB/Core/USBTask.o
 .debug_info    0x00011572      0x6fd LUFA/Drivers/USB/Class/Common/HIDParser.o
 .debug_info    0x00011c6f      0x5a9 LUFA/Drivers/USB/Class/Device/AudioClassDevice.o
 .debug_info    0x00012218      0xc08 LUFA/Drivers/USB/Class/Device/CDCClassDevice.o
 .debug_info    0x00012e20      0x697 LUFA/Drivers/USB/Class/Device/HIDClassDevice.o
 .debug_info    0x000134b7      0x7f2 LUFA/Drivers/USB/Class/Device/MassStorageClassDevice.o
 .debug_info    0x00013ca9      0x4a6 LUFA/Drivers/USB/Class/Device/MIDIClassDevice.o
 .debug_info    0x0001414f      0xedf LUFA/Drivers/USB/Class/Device/RNDISClassDevice.o
 .debug_info    0x0001502e       0x29 LUFA/Drivers/USB/Class/Host/AndroidAccessoryClassHost.o
 .debug_info    0x00015057       0x29 LUFA/Drivers/USB/Class/Host/AudioClassHost.o
 .debug_info    0x00015080       0x29 LUFA/Drivers/USB/Class/Host/CDCClassHost.o
 .debug_info    0x000150a9       0x29 LUFA/Drivers/USB/Class/Host/HIDClassHost.o
 .debug_info    0x000150d2       0x29 LUFA/Drivers/USB/Class/Host/MassStorageClassHost.o
 .debug_info    0x000150fb       0x29 LUFA/Drivers/USB/Class/Host/MIDIClassHost.o
 .debug_info    0x00015124       0x29 LUFA/Drivers/USB/Class/Host/PrinterClassHost.o
 .debug_info    0x0001514d       0x29 LUFA/Drivers/USB/Class/Host/RNDISClassHost.o
 .debug_info    0x00015176       0x29 LUFA/Drivers/USB/Class/Host/StillImageClassHost.o
 .debug_info    0x0001519f      0x200 c:/program files (x86)/atmel/avr studio 5.0/avr toolchain/bin/../lib/gcc/avr/4.5.1/avr51\libgcc.a(_muldi3.o)
 .debug_info    0x0001539f      0x184 c:/program files (x86)/atmel/avr studio 5.0/avr toolchain/bin/../lib/gcc/avr/4.5.1/avr51\libgcc.a(_lshrdi3.o)
 .debug_info    0x00015523      0x184 c:/program files (x86)/atmel/avr studio 5.0/avr toolchain/bin/../lib/gcc/avr/4.5.1/avr51\libgcc.a(_ashldi3.o)
 .debug_info    0x000156a7      0x745 c:/program files (x86)/atmel/avr studio 5.0/avr toolchain/bin/../lib/gcc/avr/4.5.1/avr51\libgcc.a(_udivdi3.o)
 .debug_info    0x00015dec      0x787 c:/program files (x86)/atmel/avr studio 5.0/avr toolchain/bin/../lib/gcc/avr/4.5.1/avr51\libgcc.a(_umoddi3.o)
 .debug_info    0x00016573       0xa6 c:/program files (x86)/atmel/avr studio 5.0/avr toolchain/bin/../lib/gcc/avr/4.5.1/avr51\libgcc.a(_clz.o)
 *(.gnu.linkonce.wi.*)

.debug_abbrev   0x00000000     0x3067
 *(.debug_abbrev)
 .debug_abbrev  0x00000000      0x375 NANDORway.o
 .debug_abbrev  0x00000375      0x15c Descriptors.o
 .debug_abbrev  0x000004d1      0x11c ecc-sw.o
 .debug_abbrev  0x000005ed      0x125 nand.o
 .debug_abbrev  0x00000712      0x3dd nand-gpio.o
 .debug_abbrev  0x00000aef      0x32a nor.o
 .debug_abbrev  0x00000e19       0x7f LUFA/Drivers/USB/Core/AVR8/Device_AVR8.o
 .debug_abbrev  0x00000e98      0x20d LUFA/Drivers/USB/Core/AVR8/Endpoint_AVR8.o
 .debug_abbrev  0x000010a5       0x2c LUFA/Drivers/USB/Core/AVR8/Host_AVR8.o
 .debug_abbrev  0x000010d1       0x2c LUFA/Drivers/USB/Core/AVR8/Pipe_AVR8.o
 .debug_abbrev  0x000010fd      0x12f LUFA/Drivers/USB/Core/AVR8/USBController_AVR8.o
 .debug_abbrev  0x0000122c      0x171 LUFA/Drivers/USB/Core/AVR8/USBInterrupt_AVR8.o
 .debug_abbrev  0x0000139d      0x1a1 LUFA/Drivers/USB/Core/AVR8/EndpointStream_AVR8.o
 .debug_abbrev  0x0000153e       0x2c LUFA/Drivers/USB/Core/AVR8/PipeStream_AVR8.o
 .debug_abbrev  0x0000156a      0x167 LUFA/Drivers/USB/Core/ConfigDescriptors.o
 .debug_abbrev  0x000016d1      0x244 LUFA/Drivers/USB/Core/DeviceStandardReq.o
 .debug_abbrev  0x00001915       0x43 LUFA/Drivers/USB/Core/Events.o
 .debug_abbrev  0x00001958       0x16 LUFA/Drivers/USB/Core/HostStandardReq.o
 .debug_abbrev  0x0000196e      0x172 LUFA/Drivers/USB/Core/USBTask.o
 .debug_abbrev  0x00001ae0      0x1e3 LUFA/Drivers/USB/Class/Common/HIDParser.o
 .debug_abbrev  0x00001cc3      0x181 LUFA/Drivers/USB/Class/Device/AudioClassDevice.o
 .debug_abbrev  0x00001e44      0x2fb LUFA/Drivers/USB/Class/Device/CDCClassDevice.o
 .debug_abbrev  0x0000213f      0x1c7 LUFA/Drivers/USB/Class/Device/HIDClassDevice.o
 .debug_abbrev  0x00002306      0x1f6 LUFA/Drivers/USB/Class/Device/MassStorageClassDevice.o
 .debug_abbrev  0x000024fc      0x186 LUFA/Drivers/USB/Class/Device/MIDIClassDevice.o
 .debug_abbrev  0x00002682      0x2bb LUFA/Drivers/USB/Class/Device/RNDISClassDevice.o
 .debug_abbrev  0x0000293d       0x16 LUFA/Drivers/USB/Class/Host/AndroidAccessoryClassHost.o
 .debug_abbrev  0x00002953       0x16 LUFA/Drivers/USB/Class/Host/AudioClassHost.o
 .debug_abbrev  0x00002969       0x16 LUFA/Drivers/USB/Class/Host/CDCClassHost.o
 .debug_abbrev  0x0000297f       0x16 LUFA/Drivers/USB/Class/Host/HIDClassHost.o
 .debug_abbrev  0x00002995       0x16 LUFA/Drivers/USB/Class/Host/MassStorageClassHost.o
 .debug_abbrev  0x000029ab       0x16 LUFA/Drivers/USB/Class/Host/MIDIClassHost.o
 .debug_abbrev  0x000029c1       0x16 LUFA/Drivers/USB/Class/Host/PrinterClassHost.o
 .debug_abbrev  0x000029d7       0x16 LUFA/Drivers/USB/Class/Host/RNDISClassHost.o
 .debug_abbrev  0x000029ed       0x16 LUFA/Drivers/USB/Class/Host/StillImageClassHost.o
 .debug_abbrev  0x00002a03       0xf0 c:/program files (x86)/atmel/avr studio 5.0/avr toolchain/bin/../lib/gcc/avr/4.5.1/avr51\libgcc.a(_muldi3.o)
 .debug_abbrev  0x00002af3       0xf0 c:/program files (x86)/atmel/avr studio 5.0/avr toolchain/bin/../lib/gcc/avr/4.5.1/avr51\libgcc.a(_lshrdi3.o)
 .debug_abbrev  0x00002be3       0xf0 c:/program files (x86)/atmel/avr studio 5.0/avr toolchain/bin/../lib/gcc/avr/4.5.1/avr51\libgcc.a(_ashldi3.o)
 .debug_abbrev  0x00002cd3      0x19b c:/program files (x86)/atmel/avr studio 5.0/avr toolchain/bin/../lib/gcc/avr/4.5.1/avr51\libgcc.a(_udivdi3.o)
 .debug_abbrev  0x00002e6e      0x198 c:/program files (x86)/atmel/avr studio 5.0/avr toolchain/bin/../lib/gcc/avr/4.5.1/avr51\libgcc.a(_umoddi3.o)
 .debug_abbrev  0x00003006       0x61 c:/program files (x86)/atmel/avr studio 5.0/avr toolchain/bin/../lib/gcc/avr/4.5.1/avr51\libgcc.a(_clz.o)

.debug_line     0x00000000    0x21633
 *(.debug_line)
 .debug_line    0x00000000     0x8826 NANDORway.o
 .debug_line    0x00008826      0xc3f Descriptors.o
 .debug_line    0x00009465      0x502 ecc-sw.o
 .debug_line    0x00009967      0x363 nand.o
 .debug_line    0x00009cca     0x22ab nand-gpio.o
 .debug_line    0x0000bf75     0x5145 nor.o
 .debug_line    0x000110ba      0x8de LUFA/Drivers/USB/Core/AVR8/Device_AVR8.o
 .debug_line    0x00011998      0xd6d LUFA/Drivers/USB/Core/AVR8/Endpoint_AVR8.o
 .debug_line    0x00012705      0x442 LUFA/Drivers/USB/Core/AVR8/Host_AVR8.o
 .debug_line    0x00012b47      0x442 LUFA/Drivers/USB/Core/AVR8/Pipe_AVR8.o
 .debug_line    0x00012f89      0x8cb LUFA/Drivers/USB/Core/AVR8/USBController_AVR8.o
 .debug_line    0x00013854      0xb39 LUFA/Drivers/USB/Core/AVR8/USBInterrupt_AVR8.o
 .debug_line    0x0001438d     0x28af LUFA/Drivers/USB/Core/AVR8/EndpointStream_AVR8.o
 .debug_line    0x00016c3c      0x448 LUFA/Drivers/USB/Core/AVR8/PipeStream_AVR8.o
 .debug_line    0x00017084      0x8b7 LUFA/Drivers/USB/Core/ConfigDescriptors.o
 .debug_line    0x0001793b      0xc4b LUFA/Drivers/USB/Core/DeviceStandardReq.o
 .debug_line    0x00018586      0x437 LUFA/Drivers/USB/Core/Events.o
 .debug_line    0x000189bd       0x76 LUFA/Drivers/USB/Core/HostStandardReq.o
 .debug_line    0x00018a33      0x7e5 LUFA/Drivers/USB/Core/USBTask.o
 .debug_line    0x00019218      0xc12 LUFA/Drivers/USB/Class/Common/HIDParser.o
 .debug_line    0x00019e2a     0x1006 LUFA/Drivers/USB/Class/Device/AudioClassDevice.o
 .debug_line    0x0001ae30     0x14a8 LUFA/Drivers/USB/Class/Device/CDCClassDevice.o
 .debug_line    0x0001c2d8     0x1134 LUFA/Drivers/USB/Class/Device/HIDClassDevice.o
 .debug_line    0x0001d40c     0x1102 LUFA/Drivers/USB/Class/Device/MassStorageClassDevice.o
 .debug_line    0x0001e50e      0xf54 LUFA/Drivers/USB/Class/Device/MIDIClassDevice.o
 .debug_line    0x0001f462     0x1392 LUFA/Drivers/USB/Class/Device/RNDISClassDevice.o
 .debug_line    0x000207f4       0xb8 LUFA/Drivers/USB/Class/Host/AndroidAccessoryClassHost.o
 .debug_line    0x000208ac       0xad LUFA/Drivers/USB/Class/Host/AudioClassHost.o
 .debug_line    0x00020959       0xab LUFA/Drivers/USB/Class/Host/CDCClassHost.o
 .debug_line    0x00020a04       0xab LUFA/Drivers/USB/Class/Host/HIDClassHost.o
 .debug_line    0x00020aaf       0xb3 LUFA/Drivers/USB/Class/Host/MassStorageClassHost.o
 .debug_line    0x00020b62       0xac LUFA/Drivers/USB/Class/Host/MIDIClassHost.o
 .debug_line    0x00020c0e       0xaf LUFA/Drivers/USB/Class/Host/PrinterClassHost.o
 .debug_line    0x00020cbd       0xad LUFA/Drivers/USB/Class/Host/RNDISClassHost.o
 .debug_line    0x00020d6a       0xb2 LUFA/Drivers/USB/Class/Host/StillImageClassHost.o
 .debug_line    0x00020e1c       0xf1 c:/program files (x86)/atmel/avr studio 5.0/avr toolchain/bin/../lib/gcc/avr/4.5.1/avr51\libgcc.a(_muldi3.o)
 .debug_line    0x00020f0d      0x101 c:/program files (x86)/atmel/avr studio 5.0/avr toolchain/bin/../lib/gcc/avr/4.5.1/avr51\libgcc.a(_lshrdi3.o)
 .debug_line    0x0002100e      0x101 c:/program files (x86)/atmel/avr studio 5.0/avr toolchain/bin/../lib/gcc/avr/4.5.1/avr51\libgcc.a(_ashldi3.o)
 .debug_line    0x0002110f      0x23c c:/program files (x86)/atmel/avr studio 5.0/avr toolchain/bin/../lib/gcc/avr/4.5.1/avr51\libgcc.a(_udivdi3.o)
 .debug_line    0x0002134b      0x24a c:/program files (x86)/atmel/avr studio 5.0/avr toolchain/bin/../lib/gcc/avr/4.5.1/avr51\libgcc.a(_umoddi3.o)
 .debug_line    0x00021595       0x9e c:/program files (x86)/atmel/avr studio 5.0/avr toolchain/bin/../lib/gcc/avr/4.5.1/avr51\libgcc.a(_clz.o)

.debug_frame    0x00000000      0xa40
 *(.debug_frame)
 .debug_frame   0x00000000       0x90 NANDORway.o
 .debug_frame   0x00000090       0x20 Descriptors.o
 .debug_frame   0x000000b0       0x30 ecc-sw.o
 .debug_frame   0x000000e0       0x90 nand.o
 .debug_frame   0x00000170      0x130 nand-gpio.o
 .debug_frame   0x000002a0       0xf0 nor.o
 .debug_frame   0x00000390       0x20 LUFA/Drivers/USB/Core/AVR8/Device_AVR8.o
 .debug_frame   0x000003b0       0x60 LUFA/Drivers/USB/Core/AVR8/Endpoint_AVR8.o
 .debug_frame   0x00000410       0x40 LUFA/Drivers/USB/Core/AVR8/USBController_AVR8.o
 .debug_frame   0x00000450       0x40 LUFA/Drivers/USB/Core/AVR8/USBInterrupt_AVR8.o
 .debug_frame   0x00000490      0x170 LUFA/Drivers/USB/Core/AVR8/EndpointStream_AVR8.o
 .debug_frame   0x00000600       0x50 LUFA/Drivers/USB/Core/ConfigDescriptors.o
 .debug_frame   0x00000650       0x20 LUFA/Drivers/USB/Core/DeviceStandardReq.o
 .debug_frame   0x00000670       0x20 LUFA/Drivers/USB/Core/Events.o
 .debug_frame   0x00000690       0x20 LUFA/Drivers/USB/Core/USBTask.o
 .debug_frame   0x000006b0       0x50 LUFA/Drivers/USB/Class/Common/HIDParser.o
 .debug_frame   0x00000700       0x40 LUFA/Drivers/USB/Class/Device/AudioClassDevice.o
 .debug_frame   0x00000740      0x110 LUFA/Drivers/USB/Class/Device/CDCClassDevice.o
 .debug_frame   0x00000850       0x40 LUFA/Drivers/USB/Class/Device/HIDClassDevice.o
 .debug_frame   0x00000890       0x40 LUFA/Drivers/USB/Class/Device/MassStorageClassDevice.o
 .debug_frame   0x000008d0       0x60 LUFA/Drivers/USB/Class/Device/MIDIClassDevice.o
 .debug_frame   0x00000930       0x70 LUFA/Drivers/USB/Class/Device/RNDISClassDevice.o
 .debug_frame   0x000009a0       0x20 c:/program files (x86)/atmel/avr studio 5.0/avr toolchain/bin/../lib/gcc/avr/4.5.1/avr51\libgcc.a(_muldi3.o)
 .debug_frame   0x000009c0       0x20 c:/program files (x86)/atmel/avr studio 5.0/avr toolchain/bin/../lib/gcc/avr/4.5.1/avr51\libgcc.a(_lshrdi3.o)
 .debug_frame   0x000009e0       0x20 c:/program files (x86)/atmel/avr studio 5.0/avr toolchain/bin/../lib/gcc/avr/4.5.1/avr51\libgcc.a(_ashldi3.o)
 .debug_frame   0x00000a00       0x20 c:/program files (x86)/atmel/avr studio 5.0/avr toolchain/bin/../lib/gcc/avr/4.5.1/avr51\libgcc.a(_udivdi3.o)
 .debug_frame   0x00000a20       0x20 c:/program files (x86)/atmel/avr studio 5.0/avr toolchain/bin/../lib/gcc/avr/4.5.1/avr51\libgcc.a(_umoddi3.o)

.debug_str      0x00000000     0x41ff
 *(.debug_str)
 .debug_str     0x00000000      0xa14 NANDORway.o
                                0xabb (size before relaxing)
 .debug_str     0x00000a14      0x526 Descriptors.o
                                0x685 (size before relaxing)
 .debug_str     0x00000f3a       0xea ecc-sw.o
                                0x2e4 (size before relaxing)
 .debug_str     0x00001024       0x7e nand.o
                                0x43d (size before relaxing)
 .debug_str     0x000010a2      0x340 nand-gpio.o
                                0x8e0 (size before relaxing)
 .debug_str     0x000013e2      0x1a6 nor.o
                                0x4f0 (size before relaxing)
 .debug_str     0x00001588       0x71 LUFA/Drivers/USB/Core/AVR8/Device_AVR8.o
                                0x143 (size before relaxing)
 .debug_str     0x000015f9      0x2f7 LUFA/Drivers/USB/Core/AVR8/Endpoint_AVR8.o
                                0x565 (size before relaxing)
 .debug_str     0x000018f0       0x27 LUFA/Drivers/USB/Core/AVR8/Host_AVR8.o
                                 0xeb (size before relaxing)
 .debug_str     0x00001917       0x27 LUFA/Drivers/USB/Core/AVR8/Pipe_AVR8.o
                                 0xeb (size before relaxing)
 .debug_str     0x0000193e      0x247 LUFA/Drivers/USB/Core/AVR8/USBController_AVR8.o
                                0x44d (size before relaxing)
 .debug_str     0x00001b85       0xe3 LUFA/Drivers/USB/Core/AVR8/USBInterrupt_AVR8.o
                                0x3bf (size before relaxing)
 .debug_str     0x00001c68      0x4d6 LUFA/Drivers/USB/Core/AVR8/EndpointStream_AVR8.o
                                0x769 (size before relaxing)
 .debug_str     0x0000213e       0x2d LUFA/Drivers/USB/Core/AVR8/PipeStream_AVR8.o
                                 0xf1 (size before relaxing)
 .debug_str     0x0000216b      0x221 LUFA/Drivers/USB/Core/ConfigDescriptors.o
                                0x32b (size before relaxing)
 .debug_str     0x0000238c      0x3fd LUFA/Drivers/USB/Core/DeviceStandardReq.o
                                0x83f (size before relaxing)
 .debug_str     0x00002789       0x2e LUFA/Drivers/USB/Core/Events.o
                                 0xf2 (size before relaxing)
 .debug_str     0x000027b7       0x28 LUFA/Drivers/USB/Core/HostStandardReq.o
                                 0x79 (size before relaxing)
 .debug_str     0x000027df       0x64 LUFA/Drivers/USB/Core/USBTask.o
                                0x2a9 (size before relaxing)
 .debug_str     0x00002843      0x47b LUFA/Drivers/USB/Class/Common/HIDParser.o
                                0x5e0 (size before relaxing)
 .debug_str     0x00002cbe      0x24a LUFA/Drivers/USB/Class/Device/AudioClassDevice.o
                                0x529 (size before relaxing)
 .debug_str     0x00002f08      0x3a7 LUFA/Drivers/USB/Class/Device/CDCClassDevice.o
                                0x8dd (size before relaxing)
 .debug_str     0x000032af      0x1e7 LUFA/Drivers/USB/Class/Device/HIDClassDevice.o
                                0x558 (size before relaxing)
 .debug_str     0x00003496      0x237 LUFA/Drivers/USB/Class/Device/MassStorageClassDevice.o
                                0x6b9 (size before relaxing)
 .debug_str     0x000036cd      0x112 LUFA/Drivers/USB/Class/Device/MIDIClassDevice.o
                                0x52d (size before relaxing)
 .debug_str     0x000037df      0x6e2 LUFA/Drivers/USB/Class/Device/RNDISClassDevice.o
                                0xbf1 (size before relaxing)
 .debug_str     0x00003ec1       0x38 LUFA/Drivers/USB/Class/Host/AndroidAccessoryClassHost.o
                                 0x89 (size before relaxing)
 .debug_str     0x00003ef9       0x2d LUFA/Drivers/USB/Class/Host/AudioClassHost.o
                                 0x7e (size before relaxing)
 .debug_str     0x00003f26       0x2b LUFA/Drivers/USB/Class/Host/CDCClassHost.o
                                 0x7c (size before relaxing)
 .debug_str     0x00003f51       0x2b LUFA/Drivers/USB/Class/Host/HIDClassHost.o
                                 0x7c (size before relaxing)
 .debug_str     0x00003f7c       0x33 LUFA/Drivers/USB/Class/Host/MassStorageClassHost.o
                                 0x84 (size before relaxing)
 .debug_str     0x00003faf       0x2c LUFA/Drivers/USB/Class/Host/MIDIClassHost.o
                                 0x7d (size before relaxing)
 .debug_str     0x00003fdb       0x2f LUFA/Drivers/USB/Class/Host/PrinterClassHost.o
                                 0x80 (size before relaxing)
 .debug_str     0x0000400a       0x2d LUFA/Drivers/USB/Class/Host/RNDISClassHost.o
                                 0x7e (size before relaxing)
 .debug_str     0x00004037       0x32 LUFA/Drivers/USB/Class/Host/StillImageClassHost.o
                                 0x83 (size before relaxing)
 .debug_str     0x00004069      0x10b c:/program files (x86)/atmel/avr studio 5.0/avr toolchain/bin/../lib/gcc/avr/4.5.1/avr51\libgcc.a(_muldi3.o)
                                0x197 (size before relaxing)
 .debug_str     0x00004174       0x23 c:/program files (x86)/atmel/avr studio 5.0/avr toolchain/bin/../lib/gcc/avr/4.5.1/avr51\libgcc.a(_lshrdi3.o)
                                0x189 (size before relaxing)
 .debug_str     0x00004197        0xa c:/program files (x86)/atmel/avr studio 5.0/avr toolchain/bin/../lib/gcc/avr/4.5.1/avr51\libgcc.a(_ashldi3.o)
                                0x189 (size before relaxing)
 .debug_str     0x000041a1       0x54 c:/program files (x86)/atmel/avr studio 5.0/avr toolchain/bin/../lib/gcc/avr/4.5.1/avr51\libgcc.a(_udivdi3.o)
                                0x1e2 (size before relaxing)
 .debug_str     0x000041f5        0xa c:/program files (x86)/atmel/avr studio 5.0/avr toolchain/bin/../lib/gcc/avr/4.5.1/avr51\libgcc.a(_umoddi3.o)
                                0x1e2 (size before relaxing)
 .debug_str     0x00000000      0x14c c:/program files (x86)/atmel/avr studio 5.0/avr toolchain/bin/../lib/gcc/avr/4.5.1/avr51\libgcc.a(_clz.o)

.debug_loc      0x00000000     0xee66
 *(.debug_loc)
 .debug_loc     0x00000000     0x123b NANDORway.o
 .debug_loc     0x0000123b      0x1ea Descriptors.o
 .debug_loc     0x00001425      0x280 ecc-sw.o
 .debug_loc     0x000016a5      0x264 nand.o
 .debug_loc     0x00001909     0x297c nand-gpio.o
 .debug_loc     0x00004285     0x31ec nor.o
 .debug_loc     0x00007471      0x45b LUFA/Drivers/USB/Core/AVR8/Endpoint_AVR8.o
 .debug_loc     0x000078cc      0x2fc LUFA/Drivers/USB/Core/AVR8/USBInterrupt_AVR8.o
 .debug_loc     0x00007bc8     0x205b LUFA/Drivers/USB/Core/AVR8/EndpointStream_AVR8.o
 .debug_loc     0x00009c23      0x2e3 LUFA/Drivers/USB/Core/ConfigDescriptors.o
 .debug_loc     0x00009f06      0x348 LUFA/Drivers/USB/Core/DeviceStandardReq.o
 .debug_loc     0x0000a24e       0x33 LUFA/Drivers/USB/Core/USBTask.o
 .debug_loc     0x0000a281      0xb76 LUFA/Drivers/USB/Class/Common/HIDParser.o
 .debug_loc     0x0000adf7      0x1a5 LUFA/Drivers/USB/Class/Device/AudioClassDevice.o
 .debug_loc     0x0000af9c      0x504 LUFA/Drivers/USB/Class/Device/CDCClassDevice.o
 .debug_loc     0x0000b4a0      0x2fa LUFA/Drivers/USB/Class/Device/HIDClassDevice.o
 .debug_loc     0x0000b79a      0x1e9 LUFA/Drivers/USB/Class/Device/MassStorageClassDevice.o
 .debug_loc     0x0000b983      0x1a8 LUFA/Drivers/USB/Class/Device/MIDIClassDevice.o
 .debug_loc     0x0000bb2b      0xa03 LUFA/Drivers/USB/Class/Device/RNDISClassDevice.o
 .debug_loc     0x0000c52e      0x1bf c:/program files (x86)/atmel/avr studio 5.0/avr toolchain/bin/../lib/gcc/avr/4.5.1/avr51\libgcc.a(_muldi3.o)
 .debug_loc     0x0000c6ed       0x6d c:/program files (x86)/atmel/avr studio 5.0/avr toolchain/bin/../lib/gcc/avr/4.5.1/avr51\libgcc.a(_lshrdi3.o)
 .debug_loc     0x0000c75a       0x6d c:/program files (x86)/atmel/avr studio 5.0/avr toolchain/bin/../lib/gcc/avr/4.5.1/avr51\libgcc.a(_ashldi3.o)
 .debug_loc     0x0000c7c7     0x1332 c:/program files (x86)/atmel/avr studio 5.0/avr toolchain/bin/../lib/gcc/avr/4.5.1/avr51\libgcc.a(_udivdi3.o)
 .debug_loc     0x0000daf9     0x136d c:/program files (x86)/atmel/avr studio 5.0/avr toolchain/bin/../lib/gcc/avr/4.5.1/avr51\libgcc.a(_umoddi3.o)

.debug_macinfo  0x00000000   0x1a29b5
 *(.debug_macinfo)
 .debug_macinfo
                0x00000000    0x14fc9 NANDORway.o
 .debug_macinfo
                0x00014fc9    0x14137 Descriptors.o
 .debug_macinfo
                0x00029100     0x7152 ecc-sw.o
 .debug_macinfo
                0x00030252     0x7155 nand.o
 .debug_macinfo
                0x000373a7    0x147cd nand-gpio.o
 .debug_macinfo
                0x0004bb74    0x1441d nor.o
 .debug_macinfo
                0x0005ff91     0xdc0c LUFA/Drivers/USB/Core/AVR8/Device_AVR8.o
 .debug_macinfo
                0x0006db9d     0xdc14 LUFA/Drivers/USB/Core/AVR8/Endpoint_AVR8.o
 .debug_macinfo
                0x0007b7b1     0xd127 LUFA/Drivers/USB/Core/AVR8/Host_AVR8.o
 .debug_macinfo
                0x000888d8     0xd127 LUFA/Drivers/USB/Core/AVR8/Pipe_AVR8.o
 .debug_macinfo
                0x000959ff     0xdc0f LUFA/Drivers/USB/Core/AVR8/USBController_AVR8.o
 .debug_macinfo
                0x000a360e     0xdc00 LUFA/Drivers/USB/Core/AVR8/USBInterrupt_AVR8.o
 .debug_macinfo
                0x000b120e     0xfaeb LUFA/Drivers/USB/Core/AVR8/EndpointStream_AVR8.o
 .debug_macinfo
                0x000c0cf9     0xd127 LUFA/Drivers/USB/Core/AVR8/PipeStream_AVR8.o
 .debug_macinfo
                0x000cde20     0xdd90 LUFA/Drivers/USB/Core/ConfigDescriptors.o
 .debug_macinfo
                0x000dbbb0     0xdbe7 LUFA/Drivers/USB/Core/DeviceStandardReq.o
 .debug_macinfo
                0x000e9797     0xd159 LUFA/Drivers/USB/Core/Events.o
 .debug_macinfo
                0x000f68f0     0x2154 LUFA/Drivers/USB/Core/HostStandardReq.o
 .debug_macinfo
                0x000f8a44     0xdc14 LUFA/Drivers/USB/Core/USBTask.o
 .debug_macinfo
                0x00106658    0x11250 LUFA/Drivers/USB/Class/Common/HIDParser.o
 .debug_macinfo
                0x001178a8    0x140d8 LUFA/Drivers/USB/Class/Device/AudioClassDevice.o
 .debug_macinfo
                0x0012b980    0x140d4 LUFA/Drivers/USB/Class/Device/CDCClassDevice.o
 .debug_macinfo
                0x0013fa54    0x140d8 LUFA/Drivers/USB/Class/Device/HIDClassDevice.o
 .debug_macinfo
                0x00153b2c    0x140df LUFA/Drivers/USB/Class/Device/MassStorageClassDevice.o
 .debug_macinfo
                0x00167c0b    0x140da LUFA/Drivers/USB/Class/Device/MIDIClassDevice.o
 .debug_macinfo
                0x0017bce5    0x140dc LUFA/Drivers/USB/Class/Device/RNDISClassDevice.o
 .debug_macinfo
                0x0018fdc1     0x2154 LUFA/Drivers/USB/Class/Host/AndroidAccessoryClassHost.o
 .debug_macinfo
                0x00191f15     0x2154 LUFA/Drivers/USB/Class/Host/AudioClassHost.o
 .debug_macinfo
                0x00194069     0x2154 LUFA/Drivers/USB/Class/Host/CDCClassHost.o
 .debug_macinfo
                0x001961bd     0x2154 LUFA/Drivers/USB/Class/Host/HIDClassHost.o
 .debug_macinfo
                0x00198311     0x2154 LUFA/Drivers/USB/Class/Host/MassStorageClassHost.o
 .debug_macinfo
                0x0019a465     0x2154 LUFA/Drivers/USB/Class/Host/MIDIClassHost.o
 .debug_macinfo
                0x0019c5b9     0x2154 LUFA/Drivers/USB/Class/Host/PrinterClassHost.o
 .debug_macinfo
                0x0019e70d     0x2154 LUFA/Drivers/USB/Class/Host/RNDISClassHost.o
 .debug_macinfo
                0x001a0861     0x2154 LUFA/Drivers/USB/Class/Host/StillImageClassHost.o
OUTPUT(NANDORway.elf elf32-avr)
LOAD linker stubs

.debug_pubtypes
                0x00000000     0x1323
 .debug_pubtypes
                0x00000000       0xd9 NANDORway.o
 .debug_pubtypes
                0x000000d9      0x15a Descriptors.o
 .debug_pubtypes
                0x00000233       0x44 ecc-sw.o
 .debug_pubtypes
                0x00000277       0xa5 nand.o
 .debug_pubtypes
                0x0000031c       0xa5 nand-gpio.o
 .debug_pubtypes
                0x000003c1       0x57 nor.o
 .debug_pubtypes
                0x00000418       0x1e LUFA/Drivers/USB/Core/AVR8/Device_AVR8.o
 .debug_pubtypes
                0x00000436       0x9e LUFA/Drivers/USB/Core/AVR8/Endpoint_AVR8.o
 .debug_pubtypes
                0x000004d4       0x12 LUFA/Drivers/USB/Core/AVR8/Host_AVR8.o
 .debug_pubtypes
                0x000004e6       0x12 LUFA/Drivers/USB/Core/AVR8/Pipe_AVR8.o
 .debug_pubtypes
                0x000004f8       0x68 LUFA/Drivers/USB/Core/AVR8/USBController_AVR8.o
 .debug_pubtypes
                0x00000560       0x58 LUFA/Drivers/USB/Core/AVR8/USBInterrupt_AVR8.o
 .debug_pubtypes
                0x000005b8       0xab LUFA/Drivers/USB/Core/AVR8/EndpointStream_AVR8.o
 .debug_pubtypes
                0x00000663       0x12 LUFA/Drivers/USB/Core/AVR8/PipeStream_AVR8.o
 .debug_pubtypes
                0x00000675       0xb4 LUFA/Drivers/USB/Core/ConfigDescriptors.o
 .debug_pubtypes
                0x00000729       0xd7 LUFA/Drivers/USB/Core/DeviceStandardReq.o
 .debug_pubtypes
                0x00000800       0x12 LUFA/Drivers/USB/Core/Events.o
 .debug_pubtypes
                0x00000812       0x5c LUFA/Drivers/USB/Core/USBTask.o
 .debug_pubtypes
                0x0000086e      0x145 LUFA/Drivers/USB/Class/Common/HIDParser.o
 .debug_pubtypes
                0x000009b3       0xb2 LUFA/Drivers/USB/Class/Device/AudioClassDevice.o
 .debug_pubtypes
                0x00000a65      0x151 LUFA/Drivers/USB/Class/Device/CDCClassDevice.o
 .debug_pubtypes
                0x00000bb6       0xc6 LUFA/Drivers/USB/Class/Device/HIDClassDevice.o
 .debug_pubtypes
                0x00000c7c      0x132 LUFA/Drivers/USB/Class/Device/MassStorageClassDevice.o
 .debug_pubtypes
                0x00000dae       0xe0 LUFA/Drivers/USB/Class/Device/MIDIClassDevice.o
 .debug_pubtypes
                0x00000e8e      0x29c LUFA/Drivers/USB/Class/Device/RNDISClassDevice.o
 .debug_pubtypes
                0x0000112a       0x4d c:/program files (x86)/atmel/avr studio 5.0/avr toolchain/bin/../lib/gcc/avr/4.5.1/avr51\libgcc.a(_muldi3.o)
 .debug_pubtypes
                0x00001177       0x62 c:/program files (x86)/atmel/avr studio 5.0/avr toolchain/bin/../lib/gcc/avr/4.5.1/avr51\libgcc.a(_lshrdi3.o)
 .debug_pubtypes
                0x000011d9       0x62 c:/program files (x86)/atmel/avr studio 5.0/avr toolchain/bin/../lib/gcc/avr/4.5.1/avr51\libgcc.a(_ashldi3.o)
 .debug_pubtypes
                0x0000123b       0x65 c:/program files (x86)/atmel/avr studio 5.0/avr toolchain/bin/../lib/gcc/avr/4.5.1/avr51\libgcc.a(_udivdi3.o)
 .debug_pubtypes
                0x000012a0       0x65 c:/program files (x86)/atmel/avr studio 5.0/avr toolchain/bin/../lib/gcc/avr/4.5.1/avr51\libgcc.a(_umoddi3.o)
 .debug_pubtypes
                0x00001305       0x1e c:/program files (x86)/atmel/avr studio 5.0/avr toolchain/bin/../lib/gcc/avr/4.5.1/avr51\libgcc.a(_clz.o)

.debug_ranges   0x00000000     0x2478
 .debug_ranges  0x00000000      0x810 NANDORway.o
 .debug_ranges  0x00000810       0x10 Descriptors.o
 .debug_ranges  0x00000820       0x30 ecc-sw.o
 .debug_ranges  0x00000850       0x48 nand.o
 .debug_ranges  0x00000898      0x4f8 nand-gpio.o
 .debug_ranges  0x00000d90      0x4e8 nor.o
 .debug_ranges  0x00001278       0x10 LUFA/Drivers/USB/Core/AVR8/Device_AVR8.o
 .debug_ranges  0x00001288      0x188 LUFA/Drivers/USB/Core/AVR8/Endpoint_AVR8.o
 .debug_ranges  0x00001410       0x20 LUFA/Drivers/USB/Core/AVR8/USBController_AVR8.o
 .debug_ranges  0x00001430       0x20 LUFA/Drivers/USB/Core/AVR8/USBInterrupt_AVR8.o
 .debug_ranges  0x00001450      0xa30 LUFA/Drivers/USB/Core/AVR8/EndpointStream_AVR8.o
 .debug_ranges  0x00001e80       0x40 LUFA/Drivers/USB/Core/ConfigDescriptors.o
 .debug_ranges  0x00001ec0      0x188 LUFA/Drivers/USB/Core/DeviceStandardReq.o
 .debug_ranges  0x00002048       0x10 LUFA/Drivers/USB/Core/Events.o
 .debug_ranges  0x00002058       0xa0 LUFA/Drivers/USB/Core/USBTask.o
 .debug_ranges  0x000020f8      0x128 LUFA/Drivers/USB/Class/Common/HIDParser.o
 .debug_ranges  0x00002220       0x50 LUFA/Drivers/USB/Class/Device/AudioClassDevice.o
 .debug_ranges  0x00002270       0x88 LUFA/Drivers/USB/Class/Device/CDCClassDevice.o
 .debug_ranges  0x000022f8       0x38 LUFA/Drivers/USB/Class/Device/HIDClassDevice.o
 .debug_ranges  0x00002330       0x20 LUFA/Drivers/USB/Class/Device/MassStorageClassDevice.o
 .debug_ranges  0x00002350       0x30 LUFA/Drivers/USB/Class/Device/MIDIClassDevice.o
 .debug_ranges  0x00002380       0xc8 LUFA/Drivers/USB/Class/Device/RNDISClassDevice.o
 .debug_ranges  0x00002448       0x30 c:/program files (x86)/atmel/avr studio 5.0/avr toolchain/bin/../lib/gcc/avr/4.5.1/avr51\libgcc.a(_udivdi3.o)

Cross Reference Table

Symbol                                            File
Audio_Device_ConfigureEndpoints                   LUFA/Drivers/USB/Class/Device/AudioClassDevice.o
Audio_Device_Event_Stub                           LUFA/Drivers/USB/Class/Device/AudioClassDevice.o
Audio_Device_ProcessControlRequest                LUFA/Drivers/USB/Class/Device/AudioClassDevice.o
CALLBACK_Audio_Device_GetSetEndpointProperty      LUFA/Drivers/USB/Class/Device/AudioClassDevice.o
CALLBACK_Audio_Device_GetSetInterfaceProperty     LUFA/Drivers/USB/Class/Device/AudioClassDevice.o
CALLBACK_HIDParser_FilterHIDReportItem            LUFA/Drivers/USB/Class/Common/HIDParser.o
CALLBACK_HID_Device_CreateHIDReport               LUFA/Drivers/USB/Class/Device/HIDClassDevice.o
CALLBACK_HID_Device_ProcessHIDReport              LUFA/Drivers/USB/Class/Device/HIDClassDevice.o
CALLBACK_MS_Device_SCSICommandReceived            LUFA/Drivers/USB/Class/Device/MassStorageClassDevice.o
CALLBACK_USB_GetDescriptor                        Descriptors.o
                                                  LUFA/Drivers/USB/Core/DeviceStandardReq.o
CDC_Device_BytesReceived                          LUFA/Drivers/USB/Class/Device/CDCClassDevice.o
CDC_Device_ConfigureEndpoints                     LUFA/Drivers/USB/Class/Device/CDCClassDevice.o
CDC_Device_CreateBlockingStream                   LUFA/Drivers/USB/Class/Device/CDCClassDevice.o
CDC_Device_CreateStream                           LUFA/Drivers/USB/Class/Device/CDCClassDevice.o
CDC_Device_Event_Stub                             LUFA/Drivers/USB/Class/Device/CDCClassDevice.o
CDC_Device_Flush                                  LUFA/Drivers/USB/Class/Device/CDCClassDevice.o
CDC_Device_ProcessControlRequest                  LUFA/Drivers/USB/Class/Device/CDCClassDevice.o
CDC_Device_ReceiveByte                            LUFA/Drivers/USB/Class/Device/CDCClassDevice.o
CDC_Device_SendByte                               LUFA/Drivers/USB/Class/Device/CDCClassDevice.o
CDC_Device_SendControlLineStateChange             LUFA/Drivers/USB/Class/Device/CDCClassDevice.o
CDC_Device_SendData                               LUFA/Drivers/USB/Class/Device/CDCClassDevice.o
CDC_Device_SendString                             LUFA/Drivers/USB/Class/Device/CDCClassDevice.o
CDC_Device_USBTask                                LUFA/Drivers/USB/Class/Device/CDCClassDevice.o
ConfigurationDescriptor                           Descriptors.o
DeviceDescriptor                                  Descriptors.o
EVENT_Audio_Device_StreamStartStop                LUFA/Drivers/USB/Class/Device/AudioClassDevice.o
EVENT_CDC_Device_BreakSent                        LUFA/Drivers/USB/Class/Device/CDCClassDevice.o
EVENT_CDC_Device_ControLineStateChanged           LUFA/Drivers/USB/Class/Device/CDCClassDevice.o
EVENT_CDC_Device_LineEncodingChanged              LUFA/Drivers/USB/Class/Device/CDCClassDevice.o
EVENT_USB_Device_ConfigurationChanged             NANDORway.o
                                                  LUFA/Drivers/USB/Core/DeviceStandardReq.o
EVENT_USB_Device_Connect                          LUFA/Drivers/USB/Core/Events.o
                                                  LUFA/Drivers/USB/Core/AVR8/USBInterrupt_AVR8.o
EVENT_USB_Device_ControlRequest                   LUFA/Drivers/USB/Core/Events.o
                                                  LUFA/Drivers/USB/Core/DeviceStandardReq.o
EVENT_USB_Device_Disconnect                       LUFA/Drivers/USB/Core/Events.o
                                                  LUFA/Drivers/USB/Core/AVR8/USBInterrupt_AVR8.o
EVENT_USB_Device_Reset                            LUFA/Drivers/USB/Core/Events.o
                                                  LUFA/Drivers/USB/Core/AVR8/USBInterrupt_AVR8.o
EVENT_USB_Device_StartOfFrame                     LUFA/Drivers/USB/Core/Events.o
                                                  LUFA/Drivers/USB/Core/AVR8/USBInterrupt_AVR8.o
EVENT_USB_Device_Suspend                          LUFA/Drivers/USB/Core/Events.o
                                                  LUFA/Drivers/USB/Core/AVR8/USBInterrupt_AVR8.o
EVENT_USB_Device_WakeUp                           LUFA/Drivers/USB/Core/Events.o
                                                  LUFA/Drivers/USB/Core/AVR8/USBInterrupt_AVR8.o
Endpoint_ClearEndpoints                           LUFA/Drivers/USB/Core/AVR8/Endpoint_AVR8.o
Endpoint_ClearStatusStage                         LUFA/Drivers/USB/Core/AVR8/Endpoint_AVR8.o
                                                  LUFA/Drivers/USB/Class/Device/MassStorageClassDevice.o
                                                  LUFA/Drivers/USB/Class/Device/HIDClassDevice.o
                                                  LUFA/Drivers/USB/Class/Device/CDCClassDevice.o
                                                  LUFA/Drivers/USB/Class/Device/AudioClassDevice.o
                                                  LUFA/Drivers/USB/Core/DeviceStandardReq.o
Endpoint_ConfigureEndpointTable                   LUFA/Drivers/USB/Core/AVR8/Endpoint_AVR8.o
                                                  LUFA/Drivers/USB/Class/Device/RNDISClassDevice.o
                                                  LUFA/Drivers/USB/Class/Device/MIDIClassDevice.o
                                                  LUFA/Drivers/USB/Class/Device/MassStorageClassDevice.o
                                                  LUFA/Drivers/USB/Class/Device/HIDClassDevice.o
                                                  LUFA/Drivers/USB/Class/Device/CDCClassDevice.o
                                                  LUFA/Drivers/USB/Class/Device/AudioClassDevice.o
Endpoint_ConfigureEndpoint_Prv                    LUFA/Drivers/USB/Core/AVR8/Endpoint_AVR8.o
                                                  LUFA/Drivers/USB/Core/AVR8/USBInterrupt_AVR8.o
                                                  LUFA/Drivers/USB/Core/AVR8/USBController_AVR8.o
                                                  NANDORway.o
Endpoint_Discard_Stream                           LUFA/Drivers/USB/Core/AVR8/EndpointStream_AVR8.o
Endpoint_Null_Stream                              LUFA/Drivers/USB/Core/AVR8/EndpointStream_AVR8.o
Endpoint_Read_Control_EStream_BE                  LUFA/Drivers/USB/Core/AVR8/EndpointStream_AVR8.o
Endpoint_Read_Control_EStream_LE                  LUFA/Drivers/USB/Core/AVR8/EndpointStream_AVR8.o
Endpoint_Read_Control_Stream_BE                   LUFA/Drivers/USB/Core/AVR8/EndpointStream_AVR8.o
Endpoint_Read_Control_Stream_LE                   LUFA/Drivers/USB/Core/AVR8/EndpointStream_AVR8.o
                                                  LUFA/Drivers/USB/Class/Device/RNDISClassDevice.o
                                                  LUFA/Drivers/USB/Class/Device/HIDClassDevice.o
                                                  LUFA/Drivers/USB/Class/Device/AudioClassDevice.o
Endpoint_Read_EStream_BE                          LUFA/Drivers/USB/Core/AVR8/EndpointStream_AVR8.o
Endpoint_Read_EStream_LE                          LUFA/Drivers/USB/Core/AVR8/EndpointStream_AVR8.o
Endpoint_Read_Stream_BE                           LUFA/Drivers/USB/Core/AVR8/EndpointStream_AVR8.o
Endpoint_Read_Stream_LE                           LUFA/Drivers/USB/Core/AVR8/EndpointStream_AVR8.o
                                                  LUFA/Drivers/USB/Class/Device/RNDISClassDevice.o
                                                  LUFA/Drivers/USB/Class/Device/MIDIClassDevice.o
                                                  LUFA/Drivers/USB/Class/Device/MassStorageClassDevice.o
Endpoint_WaitUntilReady                           LUFA/Drivers/USB/Core/AVR8/Endpoint_AVR8.o
                                                  LUFA/Drivers/USB/Class/Device/RNDISClassDevice.o
                                                  LUFA/Drivers/USB/Class/Device/MIDIClassDevice.o
                                                  LUFA/Drivers/USB/Class/Device/CDCClassDevice.o
                                                  LUFA/Drivers/USB/Core/AVR8/EndpointStream_AVR8.o
Endpoint_Write_Control_EStream_BE                 LUFA/Drivers/USB/Core/AVR8/EndpointStream_AVR8.o
Endpoint_Write_Control_EStream_LE                 LUFA/Drivers/USB/Core/AVR8/EndpointStream_AVR8.o
Endpoint_Write_Control_PStream_BE                 LUFA/Drivers/USB/Core/AVR8/EndpointStream_AVR8.o
Endpoint_Write_Control_PStream_LE                 LUFA/Drivers/USB/Core/AVR8/EndpointStream_AVR8.o
                                                  LUFA/Drivers/USB/Core/DeviceStandardReq.o
Endpoint_Write_Control_Stream_BE                  LUFA/Drivers/USB/Core/AVR8/EndpointStream_AVR8.o
Endpoint_Write_Control_Stream_LE                  LUFA/Drivers/USB/Core/AVR8/EndpointStream_AVR8.o
                                                  LUFA/Drivers/USB/Class/Device/RNDISClassDevice.o
                                                  LUFA/Drivers/USB/Class/Device/HIDClassDevice.o
                                                  LUFA/Drivers/USB/Class/Device/AudioClassDevice.o
                                                  LUFA/Drivers/USB/Core/DeviceStandardReq.o
Endpoint_Write_EStream_BE                         LUFA/Drivers/USB/Core/AVR8/EndpointStream_AVR8.o
Endpoint_Write_EStream_LE                         LUFA/Drivers/USB/Core/AVR8/EndpointStream_AVR8.o
Endpoint_Write_PStream_BE                         LUFA/Drivers/USB/Core/AVR8/EndpointStream_AVR8.o
Endpoint_Write_PStream_LE                         LUFA/Drivers/USB/Core/AVR8/EndpointStream_AVR8.o
Endpoint_Write_Stream_BE                          LUFA/Drivers/USB/Core/AVR8/EndpointStream_AVR8.o
Endpoint_Write_Stream_LE                          LUFA/Drivers/USB/Core/AVR8/EndpointStream_AVR8.o
                                                  LUFA/Drivers/USB/Class/Device/RNDISClassDevice.o
                                                  LUFA/Drivers/USB/Class/Device/MIDIClassDevice.o
                                                  LUFA/Drivers/USB/Class/Device/MassStorageClassDevice.o
                                                  LUFA/Drivers/USB/Class/Device/HIDClassDevice.o
                                                  LUFA/Drivers/USB/Class/Device/CDCClassDevice.o
HID_Device_ConfigureEndpoints                     LUFA/Drivers/USB/Class/Device/HIDClassDevice.o
HID_Device_ProcessControlRequest                  LUFA/Drivers/USB/Class/Device/HIDClassDevice.o
HID_Device_USBTask                                LUFA/Drivers/USB/Class/Device/HIDClassDevice.o
LanguageString                                    Descriptors.o
MIDI_Device_ConfigureEndpoints                    LUFA/Drivers/USB/Class/Device/MIDIClassDevice.o
MIDI_Device_Flush                                 LUFA/Drivers/USB/Class/Device/MIDIClassDevice.o
MIDI_Device_ReceiveEventPacket                    LUFA/Drivers/USB/Class/Device/MIDIClassDevice.o
MIDI_Device_SendEventPacket                       LUFA/Drivers/USB/Class/Device/MIDIClassDevice.o
MIDI_Device_USBTask                               LUFA/Drivers/USB/Class/Device/MIDIClassDevice.o
MS_Device_ConfigureEndpoints                      LUFA/Drivers/USB/Class/Device/MassStorageClassDevice.o
MS_Device_ProcessControlRequest                   LUFA/Drivers/USB/Class/Device/MassStorageClassDevice.o
MS_Device_USBTask                                 LUFA/Drivers/USB/Class/Device/MassStorageClassDevice.o
ManufacturerString                                Descriptors.o
ProductString                                     Descriptors.o
RNDIS_Device_ConfigureEndpoints                   LUFA/Drivers/USB/Class/Device/RNDISClassDevice.o
RNDIS_Device_IsPacketReceived                     LUFA/Drivers/USB/Class/Device/RNDISClassDevice.o
RNDIS_Device_ProcessControlRequest                LUFA/Drivers/USB/Class/Device/RNDISClassDevice.o
RNDIS_Device_ReadPacket                           LUFA/Drivers/USB/Class/Device/RNDISClassDevice.o
RNDIS_Device_SendPacket                           LUFA/Drivers/USB/Class/Device/RNDISClassDevice.o
RNDIS_Device_USBTask                              LUFA/Drivers/USB/Class/Device/RNDISClassDevice.o
SerialNumberString                                Descriptors.o
SetupHardware                                     NANDORway.o
USB_ControlRequest                                LUFA/Drivers/USB/Class/Device/RNDISClassDevice.o
                                                  LUFA/Drivers/USB/Class/Device/MassStorageClassDevice.o
                                                  LUFA/Drivers/USB/Class/Device/HIDClassDevice.o
                                                  LUFA/Drivers/USB/Class/Device/CDCClassDevice.o
                                                  LUFA/Drivers/USB/Class/Device/AudioClassDevice.o
                                                  LUFA/Drivers/USB/Core/USBTask.o
                                                  LUFA/Drivers/USB/Core/DeviceStandardReq.o
                                                  LUFA/Drivers/USB/Core/AVR8/EndpointStream_AVR8.o
                                                  LUFA/Drivers/USB/Core/AVR8/Endpoint_AVR8.o
USB_DeviceState                                   LUFA/Drivers/USB/Class/Device/RNDISClassDevice.o
                                                  LUFA/Drivers/USB/Class/Device/MIDIClassDevice.o
                                                  LUFA/Drivers/USB/Class/Device/MassStorageClassDevice.o
                                                  LUFA/Drivers/USB/Class/Device/HIDClassDevice.o
                                                  LUFA/Drivers/USB/Class/Device/CDCClassDevice.o
                                                  LUFA/Drivers/USB/Core/USBTask.o
                                                  LUFA/Drivers/USB/Core/DeviceStandardReq.o
                                                  LUFA/Drivers/USB/Core/AVR8/EndpointStream_AVR8.o
                                                  LUFA/Drivers/USB/Core/AVR8/USBInterrupt_AVR8.o
                                                  LUFA/Drivers/USB/Core/AVR8/USBController_AVR8.o
                                                  LUFA/Drivers/USB/Core/AVR8/Endpoint_AVR8.o
                                                  NANDORway.o
USB_Device_ConfigurationNumber                    LUFA/Drivers/USB/Core/DeviceStandardReq.o
                                                  LUFA/Drivers/USB/Core/AVR8/USBInterrupt_AVR8.o
                                                  LUFA/Drivers/USB/Core/AVR8/USBController_AVR8.o
USB_Device_CurrentlySelfPowered                   LUFA/Drivers/USB/Core/DeviceStandardReq.o
                                                  LUFA/Drivers/USB/Core/AVR8/USBController_AVR8.o
USB_Device_ProcessControlRequest                  LUFA/Drivers/USB/Core/DeviceStandardReq.o
                                                  LUFA/Drivers/USB/Core/USBTask.o
USB_Device_RemoteWakeupEnabled                    LUFA/Drivers/USB/Core/DeviceStandardReq.o
                                                  LUFA/Drivers/USB/Core/AVR8/USBController_AVR8.o
USB_Device_SendRemoteWakeup                       LUFA/Drivers/USB/Core/AVR8/Device_AVR8.o
USB_Disable                                       LUFA/Drivers/USB/Core/AVR8/USBController_AVR8.o
USB_Event_Stub                                    LUFA/Drivers/USB/Core/Events.o
USB_GetHIDReportItemInfo                          LUFA/Drivers/USB/Class/Common/HIDParser.o
USB_GetHIDReportSize                              LUFA/Drivers/USB/Class/Common/HIDParser.o
USB_GetNextDescriptorComp                         LUFA/Drivers/USB/Core/ConfigDescriptors.o
USB_GetNextDescriptorOfType                       LUFA/Drivers/USB/Core/ConfigDescriptors.o
USB_GetNextDescriptorOfTypeAfter                  LUFA/Drivers/USB/Core/ConfigDescriptors.o
USB_GetNextDescriptorOfTypeBefore                 LUFA/Drivers/USB/Core/ConfigDescriptors.o
USB_INT_ClearAllInterrupts                        LUFA/Drivers/USB/Core/AVR8/USBInterrupt_AVR8.o
                                                  LUFA/Drivers/USB/Core/AVR8/USBController_AVR8.o
USB_INT_DisableAllInterrupts                      LUFA/Drivers/USB/Core/AVR8/USBInterrupt_AVR8.o
                                                  LUFA/Drivers/USB/Core/AVR8/USBController_AVR8.o
USB_Init                                          LUFA/Drivers/USB/Core/AVR8/USBController_AVR8.o
                                                  NANDORway.o
USB_IsInitialized                                 LUFA/Drivers/USB/Core/USBTask.o
                                                  LUFA/Drivers/USB/Core/AVR8/USBController_AVR8.o
USB_ProcessHIDReport                              LUFA/Drivers/USB/Class/Common/HIDParser.o
USB_ResetInterface                                LUFA/Drivers/USB/Core/AVR8/USBController_AVR8.o
USB_SetHIDReportItemInfo                          LUFA/Drivers/USB/Class/Common/HIDParser.o
USB_USBTask                                       LUFA/Drivers/USB/Core/USBTask.o
                                                  LUFA/Drivers/USB/Class/Device/MassStorageClassDevice.o
                                                  LUFA/Drivers/USB/Class/Device/CDCClassDevice.o
                                                  LUFA/Drivers/USB/Core/AVR8/EndpointStream_AVR8.o
                                                  nor.o
                                                  nand-gpio.o
                                                  NANDORway.o
__ashldi3                                         c:/program files (x86)/atmel/avr studio 5.0/avr toolchain/bin/../lib/gcc/avr/4.5.1/avr51\libgcc.a(_ashldi3.o)
                                                  nand-gpio.o
__bad_interrupt                                   c:/program files (x86)/atmel/avr studio 5.0/avr toolchain/bin/../lib/gcc/avr/4.5.1/../../../../avr/lib/avr51/crtusb1286.o
__bss_end                                         c:/program files (x86)/atmel/avr studio 5.0/avr toolchain/bin/../lib/gcc/avr/4.5.1/avr51\libgcc.a(_clear_bss.o)
__bss_start                                       c:/program files (x86)/atmel/avr studio 5.0/avr toolchain/bin/../lib/gcc/avr/4.5.1/avr51\libgcc.a(_clear_bss.o)
__clz_tab                                         c:/program files (x86)/atmel/avr studio 5.0/avr toolchain/bin/../lib/gcc/avr/4.5.1/avr51\libgcc.a(_clz.o)
                                                  c:/program files (x86)/atmel/avr studio 5.0/avr toolchain/bin/../lib/gcc/avr/4.5.1/avr51\libgcc.a(_umoddi3.o)
                                                  c:/program files (x86)/atmel/avr studio 5.0/avr toolchain/bin/../lib/gcc/avr/4.5.1/avr51\libgcc.a(_udivdi3.o)
__data_end                                        c:/program files (x86)/atmel/avr studio 5.0/avr toolchain/bin/../lib/gcc/avr/4.5.1/avr51\libgcc.a(_copy_data.o)
__data_load_start                                 c:/program files (x86)/atmel/avr studio 5.0/avr toolchain/bin/../lib/gcc/avr/4.5.1/avr51\libgcc.a(_copy_data.o)
__data_start                                      c:/program files (x86)/atmel/avr studio 5.0/avr toolchain/bin/../lib/gcc/avr/4.5.1/avr51\libgcc.a(_copy_data.o)
__do_clear_bss                                    c:/program files (x86)/atmel/avr studio 5.0/avr toolchain/bin/../lib/gcc/avr/4.5.1/avr51\libgcc.a(_clear_bss.o)
                                                  LUFA/Drivers/USB/Core/USBTask.o
                                                  LUFA/Drivers/USB/Core/DeviceStandardReq.o
                                                  nor.o
                                                  nand-gpio.o
                                                  nand.o
                                                  ecc-sw.o
                                                  NANDORway.o
__do_copy_data                                    c:/program files (x86)/atmel/avr studio 5.0/avr toolchain/bin/../lib/gcc/avr/4.5.1/avr51\libgcc.a(_copy_data.o)
                                                  c:/program files (x86)/atmel/avr studio 5.0/avr toolchain/bin/../lib/gcc/avr/4.5.1/avr51\libgcc.a(_clz.o)
                                                  LUFA/Drivers/USB/Class/Device/RNDISClassDevice.o
                                                  LUFA/Drivers/USB/Class/Device/CDCClassDevice.o
                                                  LUFA/Drivers/USB/Class/Common/HIDParser.o
                                                  nand-gpio.o
                                                  ecc-sw.o
                                                  NANDORway.o
__eerd_byte_usb1286                               c:/program files (x86)/atmel/avr studio 5.0/avr toolchain/bin/../lib/gcc/avr/4.5.1/../../../../avr/lib/avr51\libc.a(eerd_byte_at90usb1286.o)
                                                  LUFA/Drivers/USB/Core/AVR8/EndpointStream_AVR8.o
__eeupd_byte_usb1286                              c:/program files (x86)/atmel/avr studio 5.0/avr toolchain/bin/../lib/gcc/avr/4.5.1/../../../../avr/lib/avr51\libc.a(eeupd_byte_at90usb1286.o)
                                                  LUFA/Drivers/USB/Core/AVR8/EndpointStream_AVR8.o
__eeupd_r18_usb1286                               c:/program files (x86)/atmel/avr studio 5.0/avr toolchain/bin/../lib/gcc/avr/4.5.1/../../../../avr/lib/avr51\libc.a(eeupd_byte_at90usb1286.o)
__epilogue_restores__                             c:/program files (x86)/atmel/avr studio 5.0/avr toolchain/bin/../lib/gcc/avr/4.5.1/avr51\libgcc.a(_epilogue.o)
                                                  c:/program files (x86)/atmel/avr studio 5.0/avr toolchain/bin/../lib/gcc/avr/4.5.1/avr51\libgcc.a(_umoddi3.o)
                                                  c:/program files (x86)/atmel/avr studio 5.0/avr toolchain/bin/../lib/gcc/avr/4.5.1/avr51\libgcc.a(_udivdi3.o)
                                                  c:/program files (x86)/atmel/avr studio 5.0/avr toolchain/bin/../lib/gcc/avr/4.5.1/avr51\libgcc.a(_muldi3.o)
__heap_end                                        c:/program files (x86)/atmel/avr studio 5.0/avr toolchain/bin/../lib/gcc/avr/4.5.1/../../../../avr/lib/avr51/crtusb1286.o
__init                                            c:/program files (x86)/atmel/avr studio 5.0/avr toolchain/bin/../lib/gcc/avr/4.5.1/../../../../avr/lib/avr51/crtusb1286.o
__lshrdi3                                         c:/program files (x86)/atmel/avr studio 5.0/avr toolchain/bin/../lib/gcc/avr/4.5.1/avr51\libgcc.a(_lshrdi3.o)
                                                  nand-gpio.o
                                                  NANDORway.o
__muldi3                                          c:/program files (x86)/atmel/avr studio 5.0/avr toolchain/bin/../lib/gcc/avr/4.5.1/avr51\libgcc.a(_muldi3.o)
                                                  nand-gpio.o
__mulsi3                                          c:/program files (x86)/atmel/avr studio 5.0/avr toolchain/bin/../lib/gcc/avr/4.5.1/avr51\libgcc.a(_mulsi3.o)
                                                  c:/program files (x86)/atmel/avr studio 5.0/avr toolchain/bin/../lib/gcc/avr/4.5.1/avr51\libgcc.a(_umoddi3.o)
                                                  c:/program files (x86)/atmel/avr studio 5.0/avr toolchain/bin/../lib/gcc/avr/4.5.1/avr51\libgcc.a(_udivdi3.o)
                                                  c:/program files (x86)/atmel/avr studio 5.0/avr toolchain/bin/../lib/gcc/avr/4.5.1/avr51\libgcc.a(_muldi3.o)
                                                  nand-gpio.o
__prologue_saves__                                c:/program files (x86)/atmel/avr studio 5.0/avr toolchain/bin/../lib/gcc/avr/4.5.1/avr51\libgcc.a(_prologue.o)
                                                  c:/program files (x86)/atmel/avr studio 5.0/avr toolchain/bin/../lib/gcc/avr/4.5.1/avr51\libgcc.a(_umoddi3.o)
                                                  c:/program files (x86)/atmel/avr studio 5.0/avr toolchain/bin/../lib/gcc/avr/4.5.1/avr51\libgcc.a(_udivdi3.o)
                                                  c:/program files (x86)/atmel/avr studio 5.0/avr toolchain/bin/../lib/gcc/avr/4.5.1/avr51\libgcc.a(_muldi3.o)
__stack                                           c:/program files (x86)/atmel/avr studio 5.0/avr toolchain/bin/../lib/gcc/avr/4.5.1/../../../../avr/lib/avr51/crtusb1286.o
__udivdi3                                         c:/program files (x86)/atmel/avr studio 5.0/avr toolchain/bin/../lib/gcc/avr/4.5.1/avr51\libgcc.a(_udivdi3.o)
                                                  nand-gpio.o
__udivmodsi4                                      c:/program files (x86)/atmel/avr studio 5.0/avr toolchain/bin/../lib/gcc/avr/4.5.1/avr51\libgcc.a(_udivmodsi4.o)
                                                  c:/program files (x86)/atmel/avr studio 5.0/avr toolchain/bin/../lib/gcc/avr/4.5.1/avr51\libgcc.a(_umoddi3.o)
                                                  c:/program files (x86)/atmel/avr studio 5.0/avr toolchain/bin/../lib/gcc/avr/4.5.1/avr51\libgcc.a(_udivdi3.o)
                                                  nand-gpio.o
__umoddi3                                         c:/program files (x86)/atmel/avr studio 5.0/avr toolchain/bin/../lib/gcc/avr/4.5.1/avr51\libgcc.a(_umoddi3.o)
                                                  nand-gpio.o
__vector_1                                        c:/program files (x86)/atmel/avr studio 5.0/avr toolchain/bin/../lib/gcc/avr/4.5.1/../../../../avr/lib/avr51/crtusb1286.o
__vector_10                                       LUFA/Drivers/USB/Core/AVR8/USBInterrupt_AVR8.o
                                                  c:/program files (x86)/atmel/avr studio 5.0/avr toolchain/bin/../lib/gcc/avr/4.5.1/../../../../avr/lib/avr51/crtusb1286.o
__vector_11                                       c:/program files (x86)/atmel/avr studio 5.0/avr toolchain/bin/../lib/gcc/avr/4.5.1/../../../../avr/lib/avr51/crtusb1286.o
__vector_12                                       c:/program files (x86)/atmel/avr studio 5.0/avr toolchain/bin/../lib/gcc/avr/4.5.1/../../../../avr/lib/avr51/crtusb1286.o
__vector_13                                       c:/program files (x86)/atmel/avr studio 5.0/avr toolchain/bin/../lib/gcc/avr/4.5.1/../../../../avr/lib/avr51/crtusb1286.o
__vector_14                                       c:/program files (x86)/atmel/avr studio 5.0/avr toolchain/bin/../lib/gcc/avr/4.5.1/../../../../avr/lib/avr51/crtusb1286.o
__vector_15                                       c:/program files (x86)/atmel/avr studio 5.0/avr toolchain/bin/../lib/gcc/avr/4.5.1/../../../../avr/lib/avr51/crtusb1286.o
__vector_16                                       c:/program files (x86)/atmel/avr studio 5.0/avr toolchain/bin/../lib/gcc/avr/4.5.1/../../../../avr/lib/avr51/crtusb1286.o
__vector_17                                       c:/program files (x86)/atmel/avr studio 5.0/avr toolchain/bin/../lib/gcc/avr/4.5.1/../../../../avr/lib/avr51/crtusb1286.o
__vector_18                                       c:/program files (x86)/atmel/avr studio 5.0/avr toolchain/bin/../lib/gcc/avr/4.5.1/../../../../avr/lib/avr51/crtusb1286.o
__vector_19                                       c:/program files (x86)/atmel/avr studio 5.0/avr toolchain/bin/../lib/gcc/avr/4.5.1/../../../../avr/lib/avr51/crtusb1286.o
__vector_2                                        c:/program files (x86)/atmel/avr studio 5.0/avr toolchain/bin/../lib/gcc/avr/4.5.1/../../../../avr/lib/avr51/crtusb1286.o
__vector_20                                       c:/program files (x86)/atmel/avr studio 5.0/avr toolchain/bin/../lib/gcc/avr/4.5.1/../../../../avr/lib/avr51/crtusb1286.o
__vector_21                                       c:/program files (x86)/atmel/avr studio 5.0/avr toolchain/bin/../lib/gcc/avr/4.5.1/../../../../avr/lib/avr51/crtusb1286.o
__vector_22                                       c:/program files (x86)/atmel/avr studio 5.0/avr toolchain/bin/../lib/gcc/avr/4.5.1/../../../../avr/lib/avr51/crtusb1286.o
__vector_23                                       c:/program files (x86)/atmel/avr studio 5.0/avr toolchain/bin/../lib/gcc/avr/4.5.1/../../../../avr/lib/avr51/crtusb1286.o
__vector_24                                       c:/program files (x86)/atmel/avr studio 5.0/avr toolchain/bin/../lib/gcc/avr/4.5.1/../../../../avr/lib/avr51/crtusb1286.o
__vector_25                                       c:/program files (x86)/atmel/avr studio 5.0/avr toolchain/bin/../lib/gcc/avr/4.5.1/../../../../avr/lib/avr51/crtusb1286.o
__vector_26                                       c:/program files (x86)/atmel/avr studio 5.0/avr toolchain/bin/../lib/gcc/avr/4.5.1/../../../../avr/lib/avr51/crtusb1286.o
__vector_27                                       c:/program files (x86)/atmel/avr studio 5.0/avr toolchain/bin/../lib/gcc/avr/4.5.1/../../../../avr/lib/avr51/crtusb1286.o
__vector_28                                       c:/program files (x86)/atmel/avr studio 5.0/avr toolchain/bin/../lib/gcc/avr/4.5.1/../../../../avr/lib/avr51/crtusb1286.o
__vector_29                                       c:/program files (x86)/atmel/avr studio 5.0/avr toolchain/bin/../lib/gcc/avr/4.5.1/../../../../avr/lib/avr51/crtusb1286.o
__vector_3                                        c:/program files (x86)/atmel/avr studio 5.0/avr toolchain/bin/../lib/gcc/avr/4.5.1/../../../../avr/lib/avr51/crtusb1286.o
__vector_30                                       c:/program files (x86)/atmel/avr studio 5.0/avr toolchain/bin/../lib/gcc/avr/4.5.1/../../../../avr/lib/avr51/crtusb1286.o
__vector_31                                       c:/program files (x86)/atmel/avr studio 5.0/avr toolchain/bin/../lib/gcc/avr/4.5.1/../../../../avr/lib/avr51/crtusb1286.o
__vector_32                                       c:/program files (x86)/atmel/avr studio 5.0/avr toolchain/bin/../lib/gcc/avr/4.5.1/../../../../avr/lib/avr51/crtusb1286.o
__vector_33                                       c:/program files (x86)/atmel/avr studio 5.0/avr toolchain/bin/../lib/gcc/avr/4.5.1/../../../../avr/lib/avr51/crtusb1286.o
__vector_34                                       c:/program files (x86)/atmel/avr studio 5.0/avr toolchain/bin/../lib/gcc/avr/4.5.1/../../../../avr/lib/avr51/crtusb1286.o
__vector_35                                       c:/program files (x86)/atmel/avr studio 5.0/avr toolchain/bin/../lib/gcc/avr/4.5.1/../../../../avr/lib/avr51/crtusb1286.o
__vector_36                                       c:/program files (x86)/atmel/avr studio 5.0/avr toolchain/bin/../lib/gcc/avr/4.5.1/../../../../avr/lib/avr51/crtusb1286.o
__vector_37                                       c:/program files (x86)/atmel/avr studio 5.0/avr toolchain/bin/../lib/gcc/avr/4.5.1/../../../../avr/lib/avr51/crtusb1286.o
__vector_4                                        c:/program files (x86)/atmel/avr studio 5.0/avr toolchain/bin/../lib/gcc/avr/4.5.1/../../../../avr/lib/avr51/crtusb1286.o
__vector_5                                        c:/program files (x86)/atmel/avr studio 5.0/avr toolchain/bin/../lib/gcc/avr/4.5.1/../../../../avr/lib/avr51/crtusb1286.o
__vector_6                                        c:/program files (x86)/atmel/avr studio 5.0/avr toolchain/bin/../lib/gcc/avr/4.5.1/../../../../avr/lib/avr51/crtusb1286.o
__vector_7                                        c:/program files (x86)/atmel/avr studio 5.0/avr toolchain/bin/../lib/gcc/avr/4.5.1/../../../../avr/lib/avr51/crtusb1286.o
__vector_8                                        c:/program files (x86)/atmel/avr studio 5.0/avr toolchain/bin/../lib/gcc/avr/4.5.1/../../../../avr/lib/avr51/crtusb1286.o
__vector_9                                        c:/program files (x86)/atmel/avr studio 5.0/avr toolchain/bin/../lib/gcc/avr/4.5.1/../../../../avr/lib/avr51/crtusb1286.o
__vector_default                                  c:/program files (x86)/atmel/avr studio 5.0/avr toolchain/bin/../lib/gcc/avr/4.5.1/../../../../avr/lib/avr51/crtusb1286.o
__vectors                                         c:/program files (x86)/atmel/avr studio 5.0/avr toolchain/bin/../lib/gcc/avr/4.5.1/../../../../avr/lib/avr51/crtusb1286.o
_exit                                             c:/program files (x86)/atmel/avr studio 5.0/avr toolchain/bin/../lib/gcc/avr/4.5.1/avr51\libgcc.a(_exit.o)
_rx_buffer                                        nor.o
                                                  nand-gpio.o
                                                  NANDORway.o
_rx_buffer_ix                                     nor.o
                                                  nand-gpio.o
                                                  NANDORway.o
_rx_buffer_size                                   nor.o
                                                  nand-gpio.o
                                                  NANDORway.o
_tx_buffer                                        nor.o
                                                  nand-gpio.o
                                                  NANDORway.o
_tx_buffer_ix                                     nor.o
                                                  nand-gpio.o
                                                  NANDORway.o
bootloader                                        NANDORway.o
cmd_t                                             NANDORway.o
ecc_compare_block_256b                            ecc-sw.o
                                                  nand-gpio.o
ecc_make_block_256b                               ecc-sw.o
                                                  nand-gpio.o
exit                                              c:/program files (x86)/atmel/avr studio 5.0/avr toolchain/bin/../lib/gcc/avr/4.5.1/avr51\libgcc.a(_exit.o)
                                                  c:/program files (x86)/atmel/avr studio 5.0/avr toolchain/bin/../lib/gcc/avr/4.5.1/../../../../avr/lib/avr51/crtusb1286.o
init_nand                                         NANDORway.o
main                                              NANDORway.o
                                                  c:/program files (x86)/atmel/avr studio 5.0/avr toolchain/bin/../lib/gcc/avr/4.5.1/../../../../avr/lib/avr51/crtusb1286.o
memcmp                                            c:/program files (x86)/atmel/avr studio 5.0/avr toolchain/bin/../lib/gcc/avr/4.5.1/../../../../avr/lib/avr51\libc.a(memcmp.o)
                                                  LUFA/Drivers/USB/Class/Device/HIDClassDevice.o
memcpy                                            c:/program files (x86)/atmel/avr studio 5.0/avr toolchain/bin/../lib/gcc/avr/4.5.1/../../../../avr/lib/avr51\libc.a(memcpy.o)
                                                  LUFA/Drivers/USB/Class/Device/RNDISClassDevice.o
                                                  LUFA/Drivers/USB/Class/Device/HIDClassDevice.o
memcpy_P                                          c:/program files (x86)/atmel/avr studio 5.0/avr toolchain/bin/../lib/gcc/avr/4.5.1/../../../../avr/lib/avr51\libc.a(memcpy_P.o)
                                                  LUFA/Drivers/USB/Class/Device/RNDISClassDevice.o
memset                                            c:/program files (x86)/atmel/avr studio 5.0/avr toolchain/bin/../lib/gcc/avr/4.5.1/../../../../avr/lib/avr51\libc.a(memset.o)
                                                  LUFA/Drivers/USB/Class/Device/HIDClassDevice.o
nand0                                             NANDORway.o
nand1                                             NANDORway.o
nand_cmd_t                                        nand-gpio.o
                                                  nand.o
                                                  ecc-sw.o
                                                  NANDORway.o
nand_create_badblocks_table                       nand.o
nand_erase                                        nand.o
nand_gpio_create_badblocks_table                  nand-gpio.o
                                                  nand.o
nand_gpio_erase                                   nand-gpio.o
                                                  nand.o
nand_gpio_init                                    nand-gpio.o
                                                  nand.o
nand_gpio_read                                    nand-gpio.o
                                                  nand.o
nand_gpio_read_block                              nand-gpio.o
                                                  nand.o
nand_gpio_read_ecc                                nand-gpio.o
                                                  nand.o
nand_gpio_write                                   nand-gpio.o
                                                  nand.o
nand_gpio_write_ecc                               nand-gpio.o
                                                  nand.o
nand_init                                         nand.o
                                                  NANDORway.o
nand_initports                                    NANDORway.o
nand_read                                         nand.o
nand_read_block_raw                               nand.o